Archive member included because of file (symbol)

/home/aselsan/Desktop/IMX7/toolchain/gcc-arm-none-eabi-4_9-2015q3/bin/../lib/gcc/arm-none-eabi/4.9.3/../../../../arm-none-eabi/lib/armv7e-m/fpu/libc_nano.a(lib_a-assert.o)
                              CMakeFiles/str_echo_freertos.dir/home/aselsan/Desktop/GPT_BACKUP/freertos-colibri-imx7/platform/drivers/src/sema4.c.obj (__assert_func)
/home/aselsan/Desktop/IMX7/toolchain/gcc-arm-none-eabi-4_9-2015q3/bin/../lib/gcc/arm-none-eabi/4.9.3/../../../../arm-none-eabi/lib/armv7e-m/fpu/libc_nano.a(lib_a-exit.o)
                              /home/aselsan/Desktop/IMX7/toolchain/gcc-arm-none-eabi-4_9-2015q3/bin/../lib/gcc/arm-none-eabi/4.9.3/../../../../arm-none-eabi/lib/armv7e-m/fpu/crt0.o (exit)
/home/aselsan/Desktop/IMX7/toolchain/gcc-arm-none-eabi-4_9-2015q3/bin/../lib/gcc/arm-none-eabi/4.9.3/../../../../arm-none-eabi/lib/armv7e-m/fpu/libc_nano.a(lib_a-fprintf.o)
                              /home/aselsan/Desktop/IMX7/toolchain/gcc-arm-none-eabi-4_9-2015q3/bin/../lib/gcc/arm-none-eabi/4.9.3/../../../../arm-none-eabi/lib/armv7e-m/fpu/libc_nano.a(lib_a-assert.o) (fiprintf)
/home/aselsan/Desktop/IMX7/toolchain/gcc-arm-none-eabi-4_9-2015q3/bin/../lib/gcc/arm-none-eabi/4.9.3/../../../../arm-none-eabi/lib/armv7e-m/fpu/libc_nano.a(lib_a-impure.o)
                              /home/aselsan/Desktop/IMX7/toolchain/gcc-arm-none-eabi-4_9-2015q3/bin/../lib/gcc/arm-none-eabi/4.9.3/../../../../arm-none-eabi/lib/armv7e-m/fpu/libc_nano.a(lib_a-exit.o) (_global_impure_ptr)
/home/aselsan/Desktop/IMX7/toolchain/gcc-arm-none-eabi-4_9-2015q3/bin/../lib/gcc/arm-none-eabi/4.9.3/../../../../arm-none-eabi/lib/armv7e-m/fpu/libc_nano.a(lib_a-init.o)
                              /home/aselsan/Desktop/IMX7/toolchain/gcc-arm-none-eabi-4_9-2015q3/bin/../lib/gcc/arm-none-eabi/4.9.3/../../../../arm-none-eabi/lib/armv7e-m/fpu/crt0.o (__libc_init_array)
/home/aselsan/Desktop/IMX7/toolchain/gcc-arm-none-eabi-4_9-2015q3/bin/../lib/gcc/arm-none-eabi/4.9.3/../../../../arm-none-eabi/lib/armv7e-m/fpu/libc_nano.a(lib_a-memcpy.o)
                              CMakeFiles/str_echo_freertos.dir/home/aselsan/Desktop/GPT_BACKUP/freertos-colibri-imx7/middleware/multicore/open-amp/porting/env/freertos/rpmsg_porting.c.obj (memcpy)
/home/aselsan/Desktop/IMX7/toolchain/gcc-arm-none-eabi-4_9-2015q3/bin/../lib/gcc/arm-none-eabi/4.9.3/../../../../arm-none-eabi/lib/armv7e-m/fpu/libc_nano.a(lib_a-memset.o)
                              /home/aselsan/Desktop/IMX7/toolchain/gcc-arm-none-eabi-4_9-2015q3/bin/../lib/gcc/arm-none-eabi/4.9.3/../../../../arm-none-eabi/lib/armv7e-m/fpu/crt0.o (memset)
/home/aselsan/Desktop/IMX7/toolchain/gcc-arm-none-eabi-4_9-2015q3/bin/../lib/gcc/arm-none-eabi/4.9.3/../../../../arm-none-eabi/lib/armv7e-m/fpu/libc_nano.a(lib_a-nano-vfprintf.o)
                              /home/aselsan/Desktop/IMX7/toolchain/gcc-arm-none-eabi-4_9-2015q3/bin/../lib/gcc/arm-none-eabi/4.9.3/../../../../arm-none-eabi/lib/armv7e-m/fpu/libc_nano.a(lib_a-fprintf.o) (_vfprintf_r)
/home/aselsan/Desktop/IMX7/toolchain/gcc-arm-none-eabi-4_9-2015q3/bin/../lib/gcc/arm-none-eabi/4.9.3/../../../../arm-none-eabi/lib/armv7e-m/fpu/libc_nano.a(lib_a-nano-vfprintf_i.o)
                              /home/aselsan/Desktop/IMX7/toolchain/gcc-arm-none-eabi-4_9-2015q3/bin/../lib/gcc/arm-none-eabi/4.9.3/../../../../arm-none-eabi/lib/armv7e-m/fpu/libc_nano.a(lib_a-nano-vfprintf.o) (_printf_i)
/home/aselsan/Desktop/IMX7/toolchain/gcc-arm-none-eabi-4_9-2015q3/bin/../lib/gcc/arm-none-eabi/4.9.3/../../../../arm-none-eabi/lib/armv7e-m/fpu/libc_nano.a(lib_a-strcmp.o)
                              CMakeFiles/str_echo_freertos.dir/home/aselsan/Desktop/GPT_BACKUP/freertos-colibri-imx7/middleware/multicore/open-amp/porting/env/freertos/rpmsg_porting.c.obj (strcmp)
/home/aselsan/Desktop/IMX7/toolchain/gcc-arm-none-eabi-4_9-2015q3/bin/../lib/gcc/arm-none-eabi/4.9.3/../../../../arm-none-eabi/lib/armv7e-m/fpu/libc_nano.a(lib_a-strlen.o)
                              CMakeFiles/str_echo_freertos.dir/home/aselsan/Desktop/GPT_BACKUP/freertos-colibri-imx7/platform/utilities/src/print_scan.c.obj (strlen)
/home/aselsan/Desktop/IMX7/toolchain/gcc-arm-none-eabi-4_9-2015q3/bin/../lib/gcc/arm-none-eabi/4.9.3/../../../../arm-none-eabi/lib/armv7e-m/fpu/libc_nano.a(lib_a-strncmp.o)
                              CMakeFiles/str_echo_freertos.dir/home/aselsan/Desktop/GPT_BACKUP/freertos-colibri-imx7/middleware/multicore/open-amp/porting/env/freertos/rpmsg_porting.c.obj (strncmp)
/home/aselsan/Desktop/IMX7/toolchain/gcc-arm-none-eabi-4_9-2015q3/bin/../lib/gcc/arm-none-eabi/4.9.3/../../../../arm-none-eabi/lib/armv7e-m/fpu/libc_nano.a(lib_a-strncpy.o)
                              CMakeFiles/str_echo_freertos.dir/home/aselsan/Desktop/GPT_BACKUP/freertos-colibri-imx7/middleware/multicore/open-amp/porting/env/freertos/rpmsg_porting.c.obj (strncpy)
[...]
Memory Configuration

Name             Origin             Length             Attributes
m_interrupts     0x00000000         0x00000240         xr
m_text           0x1fff8000         0x00008000         xr
m_data           0x20000000         0x00008000         rw
*default*        0x00000000         0xffffffff

Linker script and memory map

LOAD /home/aselsan/Desktop/IMX7/toolchain/gcc-arm-none-eabi-4_9-2015q3/bin/../lib/gcc/arm-none-eabi/4.9.3/armv7e-m/fpu/crti.o
LOAD /home/aselsan/Desktop/IMX7/toolchain/gcc-arm-none-eabi-4_9-2015q3/bin/../lib/gcc/arm-none-eabi/4.9.3/armv7e-m/fpu/crtbegin.o
LOAD /home/aselsan/Desktop/IMX7/toolchain/gcc-arm-none-eabi-4_9-2015q3/bin/../lib/gcc/arm-none-eabi/4.9.3/../../../../arm-none-eabi/lib/armv7e-m/fpu/crt0.o
                0x00000400                __stack_size__ = 0x400
                0x00000200                __heap_size__ = 0x200
LOAD CMakeFiles/str_echo_freertos.dir/home/aselsan/Desktop/GPT_BACKUP/freertos-colibri-imx7/platform/drivers/src/sema4.c.obj
LOAD CMakeFiles/str_echo_freertos.dir/home/aselsan/Desktop/GPT_BACKUP/freertos-colibri-imx7/middleware/multicore/open-amp/common/hil/hil.c.obj
LOAD CMakeFiles/str_echo_freertos.dir/home/aselsan/Desktop/GPT_BACKUP/freertos-colibri-imx7/middleware/multicore/open-amp/common/llist/llist.c.obj
LOAD CMakeFiles/str_echo_freertos.dir/home/aselsan/Desktop/GPT_BACKUP/freertos-colibri-imx7/middleware/multicore/open-amp/common/shm/sh_mem.c.obj
LOAD CMakeFiles/str_echo_freertos.dir/home/aselsan/Desktop/GPT_BACKUP/freertos-colibri-imx7/middleware/multicore/open-amp/porting/config/config.c.obj
LOAD CMakeFiles/str_echo_freertos.dir/home/aselsan/Desktop/GPT_BACKUP/freertos-colibri-imx7/middleware/multicore/open-amp/porting/env/freertos/rpmsg_porting.c.obj
LOAD CMakeFiles/str_echo_freertos.dir/home/aselsan/Desktop/GPT_BACKUP/freertos-colibri-imx7/middleware/multicore/open-amp/porting/imx7d_m4/platform.c.obj
LOAD CMakeFiles/str_echo_freertos.dir/home/aselsan/Desktop/GPT_BACKUP/freertos-colibri-imx7/middleware/multicore/open-amp/porting/imx7d_m4/platform_info.c.obj
LOAD CMakeFiles/str_echo_freertos.dir/home/aselsan/Desktop/GPT_BACKUP/freertos-colibri-imx7/middleware/multicore/open-amp/rpmsg/remote_device.c.obj
LOAD CMakeFiles/str_echo_freertos.dir/home/aselsan/Desktop/GPT_BACKUP/freertos-colibri-imx7/middleware/multicore/open-amp/rpmsg/rpmsg.c.obj
LOAD CMakeFiles/str_echo_freertos.dir/home/aselsan/Desktop/GPT_BACKUP/freertos-colibri-imx7/middleware/multicore/open-amp/rpmsg/rpmsg_core.c.obj
LOAD CMakeFiles/str_echo_freertos.dir/home/aselsan/Desktop/GPT_BACKUP/freertos-colibri-imx7/middleware/multicore/open-amp/rpmsg/rpmsg_ext.c.obj
LOAD CMakeFiles/str_echo_freertos.dir/home/aselsan/Desktop/GPT_BACKUP/freertos-colibri-imx7/middleware/multicore/open-amp/rpmsg/rpmsg_rtos.c.obj
LOAD CMakeFiles/str_echo_freertos.dir/home/aselsan/Desktop/GPT_BACKUP/freertos-colibri-imx7/middleware/multicore/open-amp/virtio/virtio.c.obj
LOAD CMakeFiles/str_echo_freertos.dir/home/aselsan/Desktop/GPT_BACKUP/freertos-colibri-imx7/middleware/multicore/open-amp/virtio/virtqueue.c.obj
LOAD CMakeFiles/str_echo_freertos.dir/home/aselsan/Desktop/GPT_BACKUP/freertos-colibri-imx7/platform/devices/MCIMX7D/startup/gcc/startup_MCIMX7D_M4.S.obj
LOAD CMakeFiles/str_echo_freertos.dir/home/aselsan/Desktop/GPT_BACKUP/freertos-colibri-imx7/platform/devices/MCIMX7D/startup/system_MCIMX7D_M4.c.obj
LOAD CMakeFiles/str_echo_freertos.dir/home/aselsan/Desktop/GPT_BACKUP/freertos-colibri-imx7/platform/drivers/src/ccm_analog_imx7d.c.obj
LOAD CMakeFiles/str_echo_freertos.dir/home/aselsan/Desktop/GPT_BACKUP/freertos-colibri-imx7/platform/drivers/src/ccm_imx7d.c.obj
LOAD CMakeFiles/str_echo_freertos.dir/home/aselsan/Desktop/GPT_BACKUP/freertos-colibri-imx7/platform/drivers/src/mu_imx.c.obj
LOAD CMakeFiles/str_echo_freertos.dir/home/aselsan/Desktop/GPT_BACKUP/freertos-colibri-imx7/platform/drivers/src/rdc.c.obj
LOAD CMakeFiles/str_echo_freertos.dir/home/aselsan/Desktop/GPT_BACKUP/freertos-colibri-imx7/platform/drivers/src/rdc_semaphore.c.obj
LOAD CMakeFiles/str_echo_freertos.dir/home/aselsan/Desktop/GPT_BACKUP/freertos-colibri-imx7/platform/drivers/src/uart_imx.c.obj
LOAD CMakeFiles/str_echo_freertos.dir/home/aselsan/Desktop/GPT_BACKUP/freertos-colibri-imx7/platform/drivers/src/wdog_imx.c.obj
LOAD CMakeFiles/str_echo_freertos.dir/home/aselsan/Desktop/GPT_BACKUP/freertos-colibri-imx7/platform/drivers/src/gpt.c.obj
LOAD CMakeFiles/str_echo_freertos.dir/home/aselsan/Desktop/GPT_BACKUP/freertos-colibri-imx7/platform/drivers/src/gpio_imx.c.obj
LOAD CMakeFiles/str_echo_freertos.dir/home/aselsan/Desktop/GPT_BACKUP/freertos-colibri-imx7/platform/utilities/src/debug_console_imx.c.obj
LOAD CMakeFiles/str_echo_freertos.dir/home/aselsan/Desktop/GPT_BACKUP/freertos-colibri-imx7/platform/drivers/src/i2c_imx.c.obj
LOAD CMakeFiles/str_echo_freertos.dir/home/aselsan/Desktop/GPT_BACKUP/freertos-colibri-imx7/platform/utilities/src/print_scan.c.obj
LOAD CMakeFiles/str_echo_freertos.dir/home/aselsan/Desktop/GPT_BACKUP/freertos-colibri-imx7/rtos/FreeRTOS/Source/croutine.c.obj
LOAD CMakeFiles/str_echo_freertos.dir/home/aselsan/Desktop/GPT_BACKUP/freertos-colibri-imx7/rtos/FreeRTOS/Source/event_groups.c.obj
LOAD CMakeFiles/str_echo_freertos.dir/home/aselsan/Desktop/GPT_BACKUP/freertos-colibri-imx7/rtos/FreeRTOS/Source/list.c.obj
LOAD CMakeFiles/str_echo_freertos.dir/home/aselsan/Desktop/GPT_BACKUP/freertos-colibri-imx7/rtos/FreeRTOS/Source/portable/GCC/ARM_CM4F/port.c.obj
LOAD CMakeFiles/str_echo_freertos.dir/home/aselsan/Desktop/GPT_BACKUP/freertos-colibri-imx7/rtos/FreeRTOS/Source/portable/MemMang/heap_2.c.obj
LOAD CMakeFiles/str_echo_freertos.dir/home/aselsan/Desktop/GPT_BACKUP/freertos-colibri-imx7/rtos/FreeRTOS/Source/queue.c.obj
LOAD CMakeFiles/str_echo_freertos.dir/home/aselsan/Desktop/GPT_BACKUP/freertos-colibri-imx7/rtos/FreeRTOS/Source/tasks.c.obj
LOAD CMakeFiles/str_echo_freertos.dir/home/aselsan/Desktop/GPT_BACKUP/freertos-colibri-imx7/rtos/FreeRTOS/Source/timers.c.obj
LOAD CMakeFiles/str_echo_freertos.dir/home/aselsan/Desktop/GPT_BACKUP/freertos-colibri-imx7/examples/imx7_colibri_m4/board.c.obj
LOAD CMakeFiles/str_echo_freertos.dir/home/aselsan/Desktop/GPT_BACKUP/freertos-colibri-imx7/examples/imx7_colibri_m4/gpio_pins.c.obj
LOAD CMakeFiles/str_echo_freertos.dir/home/aselsan/Desktop/GPT_BACKUP/freertos-colibri-imx7/examples/imx7_colibri_m4/clock_freq.c.obj
LOAD CMakeFiles/str_echo_freertos.dir/home/aselsan/Desktop/GPT_BACKUP/freertos-colibri-imx7/examples/imx7_colibri_m4/pin_mux.c.obj
LOAD CMakeFiles/str_echo_freertos.dir/home/aselsan/Desktop/GPT_BACKUP/freertos-colibri-imx7/examples/imx7_colibri_m4/demo_apps/rpmsg/str_echo_freertos/hardware_init.c.obj
LOAD CMakeFiles/str_echo_freertos.dir/home/aselsan/Desktop/GPT_BACKUP/freertos-colibri-imx7/examples/imx7_colibri_m4/demo_apps/rpmsg/str_echo_freertos/str_echo_freertos.c.obj
LOAD CMakeFiles/str_echo_freertos.dir/home/aselsan/Desktop/GPT_BACKUP/freertos-colibri-imx7/examples/imx7_colibri_m4/demo_apps/rpmsg/str_echo_freertos/watchdog.c.obj
LOAD CMakeFiles/str_echo_freertos.dir/home/aselsan/Desktop/GPT_BACKUP/freertos-colibri-imx7/examples/imx7_colibri_m4/demo_apps/rpmsg/str_echo_freertos/timer.c.obj
LOAD CMakeFiles/str_echo_freertos.dir/home/aselsan/Desktop/GPT_BACKUP/freertos-colibri-imx7/examples/imx7_colibri_m4/demo_apps/rpmsg/str_echo_freertos/gpio.c.obj
LOAD CMakeFiles/str_echo_freertos.dir/home/aselsan/Desktop/GPT_BACKUP/freertos-colibri-imx7/examples/imx7_colibri_m4/demo_apps/rpmsg/str_echo_freertos/i2c.c.obj
LOAD CMakeFiles/str_echo_freertos.dir/home/aselsan/Desktop/GPT_BACKUP/freertos-colibri-imx7/examples/imx7_colibri_m4/demo_apps/rpmsg/str_echo_freertos/comm_skb.c.obj
START GROUP
LOAD /home/aselsan/Desktop/IMX7/toolchain/gcc-arm-none-eabi-4_9-2015q3/bin/../lib/gcc/arm-none-eabi/4.9.3/../../../../arm-none-eabi/lib/armv7e-m/fpu/libm.a
LOAD /home/aselsan/Desktop/IMX7/toolchain/gcc-arm-none-eabi-4_9-2015q3/bin/../lib/gcc/arm-none-eabi/4.9.3/../../../../arm-none-eabi/lib/armv7e-m/fpu/libc_nano.a
LOAD /home/aselsan/Desktop/IMX7/toolchain/gcc-arm-none-eabi-4_9-2015q3/bin/../lib/gcc/arm-none-eabi/4.9.3/armv7e-m/fpu/libgcc.a
LOAD /home/aselsan/Desktop/IMX7/toolchain/gcc-arm-none-eabi-4_9-2015q3/bin/../lib/gcc/arm-none-eabi/4.9.3/../../../../arm-none-eabi/lib/armv7e-m/fpu/libnosys.a
END GROUP
START GROUP
LOAD /home/aselsan/Desktop/IMX7/toolchain/gcc-arm-none-eabi-4_9-2015q3/bin/../lib/gcc/arm-none-eabi/4.9.3/armv7e-m/fpu/libgcc.a
LOAD /home/aselsan/Desktop/IMX7/toolchain/gcc-arm-none-eabi-4_9-2015q3/bin/../lib/gcc/arm-none-eabi/4.9.3/../../../../arm-none-eabi/lib/armv7e-m/fpu/libc_nano.a
END GROUP
START GROUP
LOAD /home/aselsan/Desktop/IMX7/toolchain/gcc-arm-none-eabi-4_9-2015q3/bin/../lib/gcc/arm-none-eabi/4.9.3/armv7e-m/fpu/libgcc.a
LOAD /home/aselsan/Desktop/IMX7/toolchain/gcc-arm-none-eabi-4_9-2015q3/bin/../lib/gcc/arm-none-eabi/4.9.3/../../../../arm-none-eabi/lib/armv7e-m/fpu/libc_nano.a
LOAD /home/aselsan/Desktop/IMX7/toolchain/gcc-arm-none-eabi-4_9-2015q3/bin/../lib/gcc/arm-none-eabi/4.9.3/../../../../arm-none-eabi/lib/armv7e-m/fpu/libnosys.a
END GROUP
START GROUP
LOAD /home/aselsan/Desktop/IMX7/toolchain/gcc-arm-none-eabi-4_9-2015q3/bin/../lib/gcc/arm-none-eabi/4.9.3/armv7e-m/fpu/libgcc.a
LOAD /home/aselsan/Desktop/IMX7/toolchain/gcc-arm-none-eabi-4_9-2015q3/bin/../lib/gcc/arm-none-eabi/4.9.3/../../../../arm-none-eabi/lib/armv7e-m/fpu/libc_nano.a
LOAD /home/aselsan/Desktop/IMX7/toolchain/gcc-arm-none-eabi-4_9-2015q3/bin/../lib/gcc/arm-none-eabi/4.9.3/../../../../arm-none-eabi/lib/armv7e-m/fpu/libnosys.a
END GROUP
LOAD /home/aselsan/Desktop/IMX7/toolchain/gcc-arm-none-eabi-4_9-2015q3/bin/../lib/gcc/arm-none-eabi/4.9.3/armv7e-m/fpu/crtend.o
LOAD /home/aselsan/Desktop/IMX7/toolchain/gcc-arm-none-eabi-4_9-2015q3/bin/../lib/gcc/arm-none-eabi/4.9.3/armv7e-m/fpu/crtn.o
                0x1fff8000                TCML_code = 0x1fff8000
                0x20000000                TCMU_system = 0x20000000
                0x00000000                OCRAM_S_code = 0x0
                0x00180000                OCRAM_S_system = 0x180000
                0x00900000                OCRAM_code = 0x900000
                0x20200000                OCRAM_system = 0x20200000
                0x00920000                OCRAM_EPDC_code = 0x920000
                0x20220000                OCRAM_EPDC_system = 0x20220000
                0x10000000                DDR_code = 0x10000000
                0x80000000                DDR_system = 0x80000000
                0x00000400                HEAP_SIZE = DEFINED (__heap_size__)?__heap_size__:0x400
                0x00000400                STACK_SIZE = DEFINED (__stack_size__)?__stack_size__:0x400
                0x00000000                __FLASH_START = ORIGIN (m_interrupts)
                0x20000000                __FLASH_END = (ORIGIN (m_text) + 0x8000)

.interrupts     0x00000000      0x240
                0x00000000                __VECTOR_TABLE = .
                0x00000000                . = ALIGN (0x4)
 *(.isr_vector)
 .isr_vector    0x00000000      0x240 CMakeFiles/str_echo_freertos.dir/home/aselsan/Desktop/GPT_BACKUP/freertos-colibri-imx7/platform/devices/MCIMX7D/startup/gcc/startup_MCIMX7D_M4.S.obj
                0x00000000                __isr_vector
                0x00000240                . = ALIGN (0x4)

.text           0x1fff8000     0x71c0
                0x1fff8000                . = ALIGN (0x4)
 *(.text)
 .text          0x1fff8000       0x5c /home/aselsan/Desktop/IMX7/toolchain/gcc-arm-none-eabi-4_9-2015q3/bin/../lib/gcc/arm-none-eabi/4.9.3/armv7e-m/fpu/crtbegin.o
 .text          0x1fff805c       0x74 /home/aselsan/Desktop/IMX7/toolchain/gcc-arm-none-eabi-4_9-2015q3/bin/../lib/gcc/arm-none-eabi/4.9.3/../../../../arm-none-eabi/lib/armv7e-m/fpu/crt0.o
                0x1fff805c                _mainCRTStartup
                0x1fff805c                _start
 .text          0x1fff80d0       0x24 CMakeFiles/str_echo_freertos.dir/home/aselsan/Desktop/GPT_BACKUP/freertos-colibri-imx7/platform/devices/MCIMX7D/startup/gcc/startup_MCIMX7D_M4.S.obj
                0x1fff80d0                Reset_Handler
                0x1fff80f0                ENET2_MAC0_TRANS1_Handler
                0x1fff80f0                SAI3_Handler
                0x1fff80f0                DebugMon_Handler
                0x1fff80f0                USB_OH3_OTG2_1_Handler
                0x1fff80f0                GPIO3_INT31_16_Handler
                0x1fff80f0                eCSPI4_Handler
                0x1fff80f0                SIM2_Handler
                0x1fff80f0                FLEXCAN1_Handler
                0x1fff80f0                UART3_Handler
                0x1fff80f0                UART2_Handler
                0x1fff80f0                GPIO1_INT3_Handler
                0x1fff80f0                HardFault_Handler
                0x1fff80f0                SNVS_SECURITY_Handler
                0x1fff80f0                SEMA4_HS_M4_Handler
                0x1fff80f0                GPIO6_INT31_16_Handler
                0x1fff80f0                SRC_Handler
                0x1fff80f0                GPT2_Handler
                0x1fff80f0                CCM2_Handler
                0x1fff80f0                I2C1_Handler
                0x1fff80f0                CPU_CTI_Handler
                0x1fff80f0                NMI_Handler
                0x1fff80f0                SAI1_Handler
                0x1fff80f0                ENET2_MAC0_IRQ_Handler
                0x1fff80f0                KPP_Handler
                0x1fff80f0                USB_OTG1_Handler
                0x1fff80f0                MIPI_CSI_Handler
                0x1fff80f0                WDOG4_Handler
                0x1fff80f0                Reserved9_Handler
                0x1fff80f0                QSPI_Handler
                0x1fff80f0                CAAM_QUEUE_Handler
                0x1fff80f0                GPIO2_INT15_0_Handler
                0x1fff80f0                PCIE_CTRL4_Handler
                0x1fff80f0                uSDHC2_Handler
                0x1fff80f0                GPIO1_INT6_Handler
                0x1fff80f0                PCIE_CTRL_REQUEST_Handler
                0x1fff80f0                SCTR1_Handler
                0x1fff80f0                RDC_Handler
                0x1fff80f0                EPDC_Handler
                0x1fff80f0                CCM1_Handler
                0x1fff80f0                UsageFault_Handler
                0x1fff80f0                ADC1_Handler
                0x1fff80f0                GPIO1_INT0_Handler
                0x1fff80f0                Analog_brown_out_Handler
                0x1fff80f0                PXP2_Handler
                0x1fff80f0                SEMA4_HS_A7_Handler
                0x1fff80f0                RTIC_Handler
                0x1fff80f0                DefaultISR
                0x1fff80f0                GPIO6_INT15_0_Handler
                0x1fff80f0                SCTR2_Handler
                0x1fff80f0                WDOG3_Handler
                0x1fff80f0                USB_OH2_OTG_Handler
                0x1fff80f0                SAI2_Handler
                0x1fff80f0                GPIO3_INT15_0_Handler
                0x1fff80f0                FTM2_Handler
                0x1fff80f0                eCSPI1_Handler
                0x1fff80f0                GPC_Handler
                0x1fff80f0                GPIO1_INT15_0_Handler
                0x1fff80f0                UART1_Handler
                0x1fff80f0                ENET1_MAC0_TRANS2_Handler
                0x1fff80f0                eCSPI3_Handler
                0x1fff80f0                BCH_Handler
                0x1fff80f0                CAAM_ERROR_Handler
                0x1fff80f0                Analog_TempSensor_Handler
                0x1fff80f0                PXP1_Handler
                0x1fff80f0                SNVS_Handler
                0x1fff80f0                GPT4_Handler
                0x1fff80f0                GPIO5_INT15_0_Handler
                0x1fff80f0                ENET2_MAC0_TRANS2_Handler
                0x1fff80f0                GPMI_Handler
                0x1fff80f0                I2C4_Handler
                0x1fff80f0                CCM_SRC_GPC_Handler
                0x1fff80f0                CPU_Handler
                0x1fff80f0                UART4_Handler
                0x1fff80f0                GPIO1_INT1_Handler
                0x1fff80f0                uSDHC3_Handler
                0x1fff80f0                EIM_Handler
                0x1fff80f0                PWM1_Handler
                0x1fff80f0                ENET2_1588_TIMER_IRQ_Handler
                0x1fff80f0                UART6_Handler
                0x1fff80f0                GPIO1_INT4_Handler
                0x1fff80f0                GPIO1_INT31_16_Handler
                0x1fff80f0                APBHDMA_Handler
                0x1fff80f0                uSDHC1_Handler
                0x1fff80f0                DBGMON_Handler
                0x1fff80f0                UART7_Handler
                0x1fff80f0                SDMA_Handler
                0x1fff80f0                GPT1_Handler
                0x1fff80f0                PWM3_Handler
                0x1fff80f0                PCIE_CTRL2_Handler
                0x1fff80f0                MemManage_Handler
                0x1fff80f0                GPIO5_INT31_16_Handler
                0x1fff80f0                TZASC1_Handler
                0x1fff80f0                I2C2_Handler
                0x1fff80f0                DAP_Handler
                0x1fff80f0                GPIO4_INT15_0_Handler
                0x1fff80f0                CSI_Handler
                0x1fff80f0                eCSPI2_Handler
                0x1fff80f0                ENET1_1588_TIMER_Handler
                0x1fff80f0                WDOG2_Handler
                0x1fff80f0                FLEXCAN2_Handler
                0x1fff80f0                PCIE_CTRL1_Handler
                0x1fff80f0                PCIE_CTRL3_Handler
                0x1fff80f0                GPIO1_INT5_Handler
                0x1fff80f0                CAAM_WRAPPER2_Handler
                0x1fff80f0                SNVS_CONSOLIDATED_Handler
                0x1fff80f0                CAAM_WRAPPER1_Handler
                0x1fff80f0                GPIO4_INT31_16_Handler
                0x1fff80f0                GPIO1_INT2_Handler
                0x1fff80f0                LCDIF_Handler
                0x1fff80f0                UART5_Handler
                0x1fff80f0                PERFMON1_Handler
                0x1fff80f0                GPIO1_INT7_Handler
                0x1fff80f0                I2C3_Handler
                0x1fff80f0                CSU_Handler
                0x1fff80f0                MIPI_DSI_Handler
                0x1fff80f0                PWM2_Handler
                0x1fff80f0                GPR_Handler
                0x1fff80f0                SIM1_Handler
                0x1fff80f0                USB_OTG2_Handler
                0x1fff80f0                ENET1_MAC0_TRANS1_Handler
                0x1fff80f0                BusFault_Handler
                0x1fff80f0                USB_OH3_OTG2_2_Handler
                0x1fff80f0                ENET1_MAC0_Handler
                0x1fff80f0                PERFMON2_Handler
                0x1fff80f0                GPIO7_INT31_16_Handler
                0x1fff80f0                PWM4_Handler
                0x1fff80f0                GPIO2_INT31_16_Handler
                0x1fff80f0                FTM1_Handler
                0x1fff80f0                GPIO7_INT15_0_Handler
                0x1fff80f0                WDOG1_Handler
                0x1fff80f0                MU_A7_Handler
                0x1fff80f0                ADC2_Handler
                0x1fff80f0                TPR_Handler
 *(.text*)
 .text.hil_create_proc
                0x1fff80f4       0x5c CMakeFiles/str_echo_freertos.dir/home/aselsan/Desktop/GPT_BACKUP/freertos-colibri-imx7/middleware/multicore/open-amp/common/hil/hil.c.obj
                0x1fff80f4                hil_create_proc
 .text.hil_isr  0x1fff8150        0x6 CMakeFiles/str_echo_freertos.dir/home/aselsan/Desktop/GPT_BACKUP/freertos-colibri-imx7/middleware/multicore/open-amp/common/hil/hil.c.obj
                0x1fff8150                hil_isr
 .text.hil_get_chnl_info
                0x1fff8156        0x8 CMakeFiles/str_echo_freertos.dir/home/aselsan/Desktop/GPT_BACKUP/freertos-colibri-imx7/middleware/multicore/open-amp/common/hil/hil.c.obj
                0x1fff8156                hil_get_chnl_info
 .text.hil_get_vring_info
                0x1fff815e        0x8 CMakeFiles/str_echo_freertos.dir/home/aselsan/Desktop/GPT_BACKUP/freertos-colibri-imx7/middleware/multicore/open-amp/common/hil/hil.c.obj
                0x1fff815e                hil_get_vring_info
 .text.hil_get_shm_info
                0x1fff8166        0x4 CMakeFiles/str_echo_freertos.dir/home/aselsan/Desktop/GPT_BACKUP/freertos-colibri-imx7/middleware/multicore/open-amp/common/hil/hil.c.obj
                0x1fff8166                hil_get_shm_info
 .text.hil_enable_vring_notifications
                0x1fff816a       0x1e CMakeFiles/str_echo_freertos.dir/home/aselsan/Desktop/GPT_BACKUP/freertos-colibri-imx7/middleware/multicore/open-amp/common/hil/hil.c.obj
                0x1fff816a                hil_enable_vring_notifications
 .text.hil_vring_notify
                0x1fff8188       0x1a CMakeFiles/str_echo_freertos.dir/home/aselsan/Desktop/GPT_BACKUP/freertos-colibri-imx7/middleware/multicore/open-amp/common/hil/hil.c.obj
                0x1fff8188                hil_vring_notify
 .text.hil_get_status
                0x1fff81a2        0x4 CMakeFiles/str_echo_freertos.dir/home/aselsan/Desktop/GPT_BACKUP/freertos-colibri-imx7/middleware/multicore/open-amp/common/hil/hil.c.obj
                0x1fff81a2                hil_get_status
 .text.hil_set_status
                0x1fff81a6        0x4 CMakeFiles/str_echo_freertos.dir/home/aselsan/Desktop/GPT_BACKUP/freertos-colibri-imx7/middleware/multicore/open-amp/common/hil/hil.c.obj
                0x1fff81a6                hil_set_status
 .text.add_to_list
                0x1fff81aa       0x1e CMakeFiles/str_echo_freertos.dir/home/aselsan/Desktop/GPT_BACKUP/freertos-colibri-imx7/middleware/multicore/open-amp/common/llist/llist.c.obj
                0x1fff81aa                add_to_list
 .text.remove_from_list
                0x1fff81c8       0x1e CMakeFiles/str_echo_freertos.dir/home/aselsan/Desktop/GPT_BACKUP/freertos-colibri-imx7/middleware/multicore/open-amp/common/llist/llist.c.obj
                0x1fff81c8                remove_from_list
 .text.sh_mem_create_pool
                0x1fff81e6       0x76 CMakeFiles/str_echo_freertos.dir/home/aselsan/Desktop/GPT_BACKUP/freertos-colibri-imx7/middleware/multicore/open-amp/common/shm/sh_mem.c.obj
                0x1fff81e6                sh_mem_create_pool
 .text.sh_mem_free_buffer
                0x1fff825c       0x60 CMakeFiles/str_echo_freertos.dir/home/aselsan/Desktop/GPT_BACKUP/freertos-colibri-imx7/middleware/multicore/open-amp/common/shm/sh_mem.c.obj
                0x1fff825c                sh_mem_free_buffer
 .text.sh_mem_delete_pool
                0x1fff82bc       0x18 CMakeFiles/str_echo_freertos.dir/home/aselsan/Desktop/GPT_BACKUP/freertos-colibri-imx7/middleware/multicore/open-amp/common/shm/sh_mem.c.obj
                0x1fff82bc                sh_mem_delete_pool
 .text.get_first_zero_bit
                0x1fff82d4       0x44 CMakeFiles/str_echo_freertos.dir/home/aselsan/Desktop/GPT_BACKUP/freertos-colibri-imx7/middleware/multicore/open-amp/common/shm/sh_mem.c.obj
                0x1fff82d4                get_first_zero_bit
 .text.sh_mem_get_buffer
                0x1fff8318       0x6e CMakeFiles/str_echo_freertos.dir/home/aselsan/Desktop/GPT_BACKUP/freertos-colibri-imx7/middleware/multicore/open-amp/common/shm/sh_mem.c.obj
                0x1fff8318                sh_mem_get_buffer
 *fill*         0x1fff8386        0x2 
 .text.env_init
                0x1fff8388       0x48 CMakeFiles/str_echo_freertos.dir/home/aselsan/Desktop/GPT_BACKUP/freertos-colibri-imx7/middleware/multicore/open-amp/porting/env/freertos/rpmsg_porting.c.obj
                0x1fff8388                env_init
 .text.env_deinit
                0x1fff83d0       0x44 CMakeFiles/str_echo_freertos.dir/home/aselsan/Desktop/GPT_BACKUP/freertos-colibri-imx7/middleware/multicore/open-amp/porting/env/freertos/rpmsg_porting.c.obj
                0x1fff83d0                env_deinit
 .text.env_allocate_memory
                0x1fff8414        0x4 CMakeFiles/str_echo_freertos.dir/home/aselsan/Desktop/GPT_BACKUP/freertos-colibri-imx7/middleware/multicore/open-amp/porting/env/freertos/rpmsg_porting.c.obj
                0x1fff8414                env_allocate_memory
 .text.env_free_memory
                0x1fff8418        0x4 CMakeFiles/str_echo_freertos.dir/home/aselsan/Desktop/GPT_BACKUP/freertos-colibri-imx7/middleware/multicore/open-amp/porting/env/freertos/rpmsg_porting.c.obj
                0x1fff8418                env_free_memory
 .text.env_memset
                0x1fff841c        0x4 CMakeFiles/str_echo_freertos.dir/home/aselsan/Desktop/GPT_BACKUP/freertos-colibri-imx7/middleware/multicore/open-amp/porting/env/freertos/rpmsg_porting.c.obj
                0x1fff841c                env_memset
 .text.env_memcpy
                0x1fff8420        0x4 CMakeFiles/str_echo_freertos.dir/home/aselsan/Desktop/GPT_BACKUP/freertos-colibri-imx7/middleware/multicore/open-amp/porting/env/freertos/rpmsg_porting.c.obj
                0x1fff8420                env_memcpy
 .text.env_strncpy
                0x1fff8424        0x4 CMakeFiles/str_echo_freertos.dir/home/aselsan/Desktop/GPT_BACKUP/freertos-colibri-imx7/middleware/multicore/open-amp/porting/env/freertos/rpmsg_porting.c.obj
                0x1fff8424                env_strncpy
 .text.env_strncmp
                0x1fff8428        0x4 CMakeFiles/str_echo_freertos.dir/home/aselsan/Desktop/GPT_BACKUP/freertos-colibri-imx7/middleware/multicore/open-amp/porting/env/freertos/rpmsg_porting.c.obj
                0x1fff8428                env_strncmp
 .text.env_mb   0x1fff842c        0x2 CMakeFiles/str_echo_freertos.dir/home/aselsan/Desktop/GPT_BACKUP/freertos-colibri-imx7/middleware/multicore/open-amp/porting/env/freertos/rpmsg_porting.c.obj
                0x1fff842c                env_mb
 .text.env_rmb  0x1fff842e        0x2 CMakeFiles/str_echo_freertos.dir/home/aselsan/Desktop/GPT_BACKUP/freertos-colibri-imx7/middleware/multicore/open-amp/porting/env/freertos/rpmsg_porting.c.obj
                0x1fff842e                env_rmb
 .text.env_wmb  0x1fff8430        0x2 CMakeFiles/str_echo_freertos.dir/home/aselsan/Desktop/GPT_BACKUP/freertos-colibri-imx7/middleware/multicore/open-amp/porting/env/freertos/rpmsg_porting.c.obj
                0x1fff8430                env_wmb
 .text.env_map_vatopa
                0x1fff8432        0x4 CMakeFiles/str_echo_freertos.dir/home/aselsan/Desktop/GPT_BACKUP/freertos-colibri-imx7/middleware/multicore/open-amp/porting/env/freertos/rpmsg_porting.c.obj
                0x1fff8432                env_map_vatopa
 .text.env_map_patova
                0x1fff8436        0x4 CMakeFiles/str_echo_freertos.dir/home/aselsan/Desktop/GPT_BACKUP/freertos-colibri-imx7/middleware/multicore/open-amp/porting/env/freertos/rpmsg_porting.c.obj
                0x1fff8436                env_map_patova
 .text.env_create_mutex
                0x1fff843a       0x16 CMakeFiles/str_echo_freertos.dir/home/aselsan/Desktop/GPT_BACKUP/freertos-colibri-imx7/middleware/multicore/open-amp/porting/env/freertos/rpmsg_porting.c.obj
                0x1fff843a                env_create_mutex
 .text.env_delete_mutex
                0x1fff8450        0x4 CMakeFiles/str_echo_freertos.dir/home/aselsan/Desktop/GPT_BACKUP/freertos-colibri-imx7/middleware/multicore/open-amp/porting/env/freertos/rpmsg_porting.c.obj
                0x1fff8450                env_delete_mutex
 .text.env_lock_mutex
                0x1fff8454       0x22 CMakeFiles/str_echo_freertos.dir/home/aselsan/Desktop/GPT_BACKUP/freertos-colibri-imx7/middleware/multicore/open-amp/porting/env/freertos/rpmsg_porting.c.obj
                0x1fff8454                env_lock_mutex
 .text.env_unlock_mutex
                0x1fff8476       0x22 CMakeFiles/str_echo_freertos.dir/home/aselsan/Desktop/GPT_BACKUP/freertos-colibri-imx7/middleware/multicore/open-amp/porting/env/freertos/rpmsg_porting.c.obj
                0x1fff8476                env_unlock_mutex
 .text.env_create_sync_lock
                0x1fff8498        0x4 CMakeFiles/str_echo_freertos.dir/home/aselsan/Desktop/GPT_BACKUP/freertos-colibri-imx7/middleware/multicore/open-amp/porting/env/freertos/rpmsg_porting.c.obj
                0x1fff8498                env_create_sync_lock
 .text.env_delete_sync_lock
                0x1fff849c        0x8 CMakeFiles/str_echo_freertos.dir/home/aselsan/Desktop/GPT_BACKUP/freertos-colibri-imx7/middleware/multicore/open-amp/porting/env/freertos/rpmsg_porting.c.obj
                0x1fff849c                env_delete_sync_lock
 .text.env_acquire_sync_lock
                0x1fff84a4       0x44 CMakeFiles/str_echo_freertos.dir/home/aselsan/Desktop/GPT_BACKUP/freertos-colibri-imx7/middleware/multicore/open-amp/porting/env/freertos/rpmsg_porting.c.obj
                0x1fff84a4                env_acquire_sync_lock
 .text.env_release_sync_lock
                0x1fff84e8       0x40 CMakeFiles/str_echo_freertos.dir/home/aselsan/Desktop/GPT_BACKUP/freertos-colibri-imx7/middleware/multicore/open-amp/porting/env/freertos/rpmsg_porting.c.obj
                0x1fff84e8                env_release_sync_lock
 .text.env_sleep_msec
                0x1fff8528        0x4 CMakeFiles/str_echo_freertos.dir/home/aselsan/Desktop/GPT_BACKUP/freertos-colibri-imx7/middleware/multicore/open-amp/porting/env/freertos/rpmsg_porting.c.obj
                0x1fff8528                env_sleep_msec
 .text.env_register_isr
                0x1fff852c       0x34 CMakeFiles/str_echo_freertos.dir/home/aselsan/Desktop/GPT_BACKUP/freertos-colibri-imx7/middleware/multicore/open-amp/porting/env/freertos/rpmsg_porting.c.obj
                0x1fff852c                env_register_isr
 .text.env_enable_interrupt
                0x1fff8560       0x40 CMakeFiles/str_echo_freertos.dir/home/aselsan/Desktop/GPT_BACKUP/freertos-colibri-imx7/middleware/multicore/open-amp/porting/env/freertos/rpmsg_porting.c.obj
                0x1fff8560                env_enable_interrupt
 .text.env_map_memory
                0x1fff85a0       0x10 CMakeFiles/str_echo_freertos.dir/home/aselsan/Desktop/GPT_BACKUP/freertos-colibri-imx7/middleware/multicore/open-amp/porting/env/freertos/rpmsg_porting.c.obj
                0x1fff85a0                env_map_memory
 .text.env_isr  0x1fff85b0       0x5c CMakeFiles/str_echo_freertos.dir/home/aselsan/Desktop/GPT_BACKUP/freertos-colibri-imx7/middleware/multicore/open-amp/porting/env/freertos/rpmsg_porting.c.obj
                0x1fff85b0                env_isr
 .text.env_create_queue
                0x1fff860c       0x1a CMakeFiles/str_echo_freertos.dir/home/aselsan/Desktop/GPT_BACKUP/freertos-colibri-imx7/middleware/multicore/open-amp/porting/env/freertos/rpmsg_porting.c.obj
                0x1fff860c                env_create_queue
 *fill*         0x1fff8626        0x2 
 .text.env_put_queue
                0x1fff8628       0x50 CMakeFiles/str_echo_freertos.dir/home/aselsan/Desktop/GPT_BACKUP/freertos-colibri-imx7/middleware/multicore/open-amp/porting/env/freertos/rpmsg_porting.c.obj
                0x1fff8628                env_put_queue
 .text.env_get_queue
                0x1fff8678       0x4c CMakeFiles/str_echo_freertos.dir/home/aselsan/Desktop/GPT_BACKUP/freertos-colibri-imx7/middleware/multicore/open-amp/porting/env/freertos/rpmsg_porting.c.obj
                0x1fff8678                env_get_queue
 .text._shutdown_cpu
                0x1fff86c4       0x1c CMakeFiles/str_echo_freertos.dir/home/aselsan/Desktop/GPT_BACKUP/freertos-colibri-imx7/middleware/multicore/open-amp/porting/imx7d_m4/platform.c.obj
 .text._boot_cpu
                0x1fff86e0       0x1c CMakeFiles/str_echo_freertos.dir/home/aselsan/Desktop/GPT_BACKUP/freertos-colibri-imx7/middleware/multicore/open-amp/porting/imx7d_m4/platform.c.obj
 .text._notify  0x1fff86fc       0x10 CMakeFiles/str_echo_freertos.dir/home/aselsan/Desktop/GPT_BACKUP/freertos-colibri-imx7/middleware/multicore/open-amp/porting/imx7d_m4/platform.c.obj
 .text.platform_isr
                0x1fff870c        0x6 CMakeFiles/str_echo_freertos.dir/home/aselsan/Desktop/GPT_BACKUP/freertos-colibri-imx7/middleware/multicore/open-amp/porting/imx7d_m4/platform.c.obj
                0x1fff870c                platform_isr
 *fill*         0x1fff8712        0x2 
 .text._enable_interrupt
                0x1fff8714       0x28 CMakeFiles/str_echo_freertos.dir/home/aselsan/Desktop/GPT_BACKUP/freertos-colibri-imx7/middleware/multicore/open-amp/porting/imx7d_m4/platform.c.obj
 .text.rpmsg_handler
                0x1fff873c       0x20 CMakeFiles/str_echo_freertos.dir/home/aselsan/Desktop/GPT_BACKUP/freertos-colibri-imx7/middleware/multicore/open-amp/porting/imx7d_m4/platform.c.obj
                0x1fff873c                rpmsg_handler
 .text.platform_in_isr
                0x1fff875c       0x14 CMakeFiles/str_echo_freertos.dir/home/aselsan/Desktop/GPT_BACKUP/freertos-colibri-imx7/middleware/multicore/open-amp/porting/imx7d_m4/platform.c.obj
                0x1fff875c                platform_in_isr
 .text.platform_interrupt_enable
                0x1fff8770       0x54 CMakeFiles/str_echo_freertos.dir/home/aselsan/Desktop/GPT_BACKUP/freertos-colibri-imx7/middleware/multicore/open-amp/porting/imx7d_m4/platform.c.obj
                0x1fff8770                platform_interrupt_enable
 .text.platform_interrupt_disable
                0x1fff87c4       0x58 CMakeFiles/str_echo_freertos.dir/home/aselsan/Desktop/GPT_BACKUP/freertos-colibri-imx7/middleware/multicore/open-amp/porting/imx7d_m4/platform.c.obj
                0x1fff87c4                platform_interrupt_disable
 .text.platform_interrupt_enable_all
                0x1fff881c       0x3c CMakeFiles/str_echo_freertos.dir/home/aselsan/Desktop/GPT_BACKUP/freertos-colibri-imx7/middleware/multicore/open-amp/porting/imx7d_m4/platform.c.obj
                0x1fff881c                platform_interrupt_enable_all
 .text.platform_interrupt_disable_all
                0x1fff8858       0x38 CMakeFiles/str_echo_freertos.dir/home/aselsan/Desktop/GPT_BACKUP/freertos-colibri-imx7/middleware/multicore/open-amp/porting/imx7d_m4/platform.c.obj
                0x1fff8858                platform_interrupt_disable_all
 .text.platform_map_mem_region
                0x1fff8890        0x2 CMakeFiles/str_echo_freertos.dir/home/aselsan/Desktop/GPT_BACKUP/freertos-colibri-imx7/middleware/multicore/open-amp/porting/imx7d_m4/platform.c.obj
                0x1fff8890                platform_map_mem_region
 .text.platform_vatopa
                0x1fff8892        0x2 CMakeFiles/str_echo_freertos.dir/home/aselsan/Desktop/GPT_BACKUP/freertos-colibri-imx7/middleware/multicore/open-amp/porting/imx7d_m4/platform.c.obj
                0x1fff8892                platform_vatopa
 .text.platform_patova
                0x1fff8894        0x2 CMakeFiles/str_echo_freertos.dir/home/aselsan/Desktop/GPT_BACKUP/freertos-colibri-imx7/middleware/multicore/open-amp/porting/imx7d_m4/platform.c.obj
                0x1fff8894                platform_patova
 .text.platform_init
                0x1fff8896        0x4 CMakeFiles/str_echo_freertos.dir/home/aselsan/Desktop/GPT_BACKUP/freertos-colibri-imx7/middleware/multicore/open-amp/porting/imx7d_m4/platform.c.obj
                0x1fff8896                platform_init
 .text.platform_deinit
                0x1fff889a        0x4 CMakeFiles/str_echo_freertos.dir/home/aselsan/Desktop/GPT_BACKUP/freertos-colibri-imx7/middleware/multicore/open-amp/porting/imx7d_m4/platform.c.obj
                0x1fff889a                platform_deinit
 *fill*         0x1fff889e        0x2 
 .text.platform_get_processor_info
                0x1fff88a0       0x34 CMakeFiles/str_echo_freertos.dir/home/aselsan/Desktop/GPT_BACKUP/freertos-colibri-imx7/middleware/multicore/open-amp/porting/imx7d_m4/platform_info.c.obj
                0x1fff88a0                platform_get_processor_info
 .text.rpmsg_rdev_get_status
                0x1fff88d4        0x4 CMakeFiles/str_echo_freertos.dir/home/aselsan/Desktop/GPT_BACKUP/freertos-colibri-imx7/middleware/multicore/open-amp/rpmsg/remote_device.c.obj
                0x1fff88d4                rpmsg_rdev_get_status
 .text.rpmsg_rdev_set_status
                0x1fff88d8        0x2 CMakeFiles/str_echo_freertos.dir/home/aselsan/Desktop/GPT_BACKUP/freertos-colibri-imx7/middleware/multicore/open-amp/rpmsg/remote_device.c.obj
                0x1fff88d8                rpmsg_rdev_set_status
 .text.rpmsg_rdev_get_feature
                0x1fff88da        0x4 CMakeFiles/str_echo_freertos.dir/home/aselsan/Desktop/GPT_BACKUP/freertos-colibri-imx7/middleware/multicore/open-amp/rpmsg/remote_device.c.obj
                0x1fff88da                rpmsg_rdev_get_feature
 .text.rpmsg_rdev_set_feature
                0x1fff88de        0x8 CMakeFiles/str_echo_freertos.dir/home/aselsan/Desktop/GPT_BACKUP/freertos-colibri-imx7/middleware/multicore/open-amp/rpmsg/remote_device.c.obj
                0x1fff88de                rpmsg_rdev_set_feature
 .text.rpmsg_rdev_negotiate_feature
                0x1fff88e6        0x4 CMakeFiles/str_echo_freertos.dir/home/aselsan/Desktop/GPT_BACKUP/freertos-colibri-imx7/middleware/multicore/open-amp/rpmsg/remote_device.c.obj
                0x1fff88e6                rpmsg_rdev_negotiate_feature
 .text.rpmsg_rdev_read_config
                0x1fff88ea        0x2 CMakeFiles/str_echo_freertos.dir/home/aselsan/Desktop/GPT_BACKUP/freertos-colibri-imx7/middleware/multicore/open-amp/rpmsg/remote_device.c.obj
                0x1fff88ea                rpmsg_rdev_read_config
 .text.rpmsg_rdev_write_config
                0x1fff88ec        0x2 CMakeFiles/str_echo_freertos.dir/home/aselsan/Desktop/GPT_BACKUP/freertos-colibri-imx7/middleware/multicore/open-amp/rpmsg/remote_device.c.obj
                0x1fff88ec                rpmsg_rdev_write_config
 .text.rpmsg_rdev_reset
                0x1fff88ee        0x2 CMakeFiles/str_echo_freertos.dir/home/aselsan/Desktop/GPT_BACKUP/freertos-colibri-imx7/middleware/multicore/open-amp/rpmsg/remote_device.c.obj
                0x1fff88ee                rpmsg_rdev_reset
 .text.rpmsg_rdev_create_virtqueues
                0x1fff88f0      0x100 CMakeFiles/str_echo_freertos.dir/home/aselsan/Desktop/GPT_BACKUP/freertos-colibri-imx7/middleware/multicore/open-amp/rpmsg/remote_device.c.obj
                0x1fff88f0                rpmsg_rdev_create_virtqueues
 .text.rpmsg_rdev_init
                0x1fff89f0       0xd8 CMakeFiles/str_echo_freertos.dir/home/aselsan/Desktop/GPT_BACKUP/freertos-colibri-imx7/middleware/multicore/open-amp/rpmsg/remote_device.c.obj
                0x1fff89f0                rpmsg_rdev_init
 .text.rpmsg_rdev_get_chnl_node_from_id
                0x1fff8ac8       0x2a CMakeFiles/str_echo_freertos.dir/home/aselsan/Desktop/GPT_BACKUP/freertos-colibri-imx7/middleware/multicore/open-amp/rpmsg/remote_device.c.obj
                0x1fff8ac8                rpmsg_rdev_get_chnl_node_from_id
 .text.rpmsg_rdev_get_endpoint_from_addr
                0x1fff8af2       0x26 CMakeFiles/str_echo_freertos.dir/home/aselsan/Desktop/GPT_BACKUP/freertos-colibri-imx7/middleware/multicore/open-amp/rpmsg/remote_device.c.obj
                0x1fff8af2                rpmsg_rdev_get_endpoint_from_addr
 .text.rpmsg_rdev_deinit
                0x1fff8b18       0x76 CMakeFiles/str_echo_freertos.dir/home/aselsan/Desktop/GPT_BACKUP/freertos-colibri-imx7/middleware/multicore/open-amp/rpmsg/remote_device.c.obj
                0x1fff8b18                rpmsg_rdev_deinit
 .text.rpmsg_rdev_notify
                0x1fff8b8e       0x26 CMakeFiles/str_echo_freertos.dir/home/aselsan/Desktop/GPT_BACKUP/freertos-colibri-imx7/middleware/multicore/open-amp/rpmsg/remote_device.c.obj
                0x1fff8b8e                rpmsg_rdev_notify
 .text.rpmsg_deinit
                0x1fff8bb4       0x12 CMakeFiles/str_echo_freertos.dir/home/aselsan/Desktop/GPT_BACKUP/freertos-colibri-imx7/middleware/multicore/open-amp/rpmsg/rpmsg.c.obj
                0x1fff8bb4                rpmsg_deinit
 .text.rpmsg_init
                0x1fff8bc6       0x44 CMakeFiles/str_echo_freertos.dir/home/aselsan/Desktop/GPT_BACKUP/freertos-colibri-imx7/middleware/multicore/open-amp/rpmsg/rpmsg.c.obj
                0x1fff8bc6                rpmsg_init
 *fill*         0x1fff8c0a        0x2 
 .text.rpmsg_send_offchannel_raw
                0x1fff8c0c      0x12c CMakeFiles/str_echo_freertos.dir/home/aselsan/Desktop/GPT_BACKUP/freertos-colibri-imx7/middleware/multicore/open-amp/rpmsg/rpmsg.c.obj
                0x1fff8c0c                rpmsg_send_offchannel_raw
 .text.rpmsg_create_ept
                0x1fff8d38       0x1a CMakeFiles/str_echo_freertos.dir/home/aselsan/Desktop/GPT_BACKUP/freertos-colibri-imx7/middleware/multicore/open-amp/rpmsg/rpmsg.c.obj
                0x1fff8d38                rpmsg_create_ept
 .text.rpmsg_destroy_ept
                0x1fff8d52        0xe CMakeFiles/str_echo_freertos.dir/home/aselsan/Desktop/GPT_BACKUP/freertos-colibri-imx7/middleware/multicore/open-amp/rpmsg/rpmsg.c.obj
                0x1fff8d52                rpmsg_destroy_ept
 .text._rpmsg_create_channel
                0x1fff8d60       0x62 CMakeFiles/str_echo_freertos.dir/home/aselsan/Desktop/GPT_BACKUP/freertos-colibri-imx7/middleware/multicore/open-amp/rpmsg/rpmsg_core.c.obj
                0x1fff8d60                _rpmsg_create_channel
 .text._rpmsg_delete_channel
                0x1fff8dc2       0x3e CMakeFiles/str_echo_freertos.dir/home/aselsan/Desktop/GPT_BACKUP/freertos-colibri-imx7/middleware/multicore/open-amp/rpmsg/rpmsg_core.c.obj
                0x1fff8dc2                _rpmsg_delete_channel
 .text.rpmsg_ns_callback
                0x1fff8e00       0x80 CMakeFiles/str_echo_freertos.dir/home/aselsan/Desktop/GPT_BACKUP/freertos-colibri-imx7/middleware/multicore/open-amp/rpmsg/rpmsg_core.c.obj
                0x1fff8e00                rpmsg_ns_callback
 .text.rpmsg_enqueue_buffer
                0x1fff8e80       0x2e CMakeFiles/str_echo_freertos.dir/home/aselsan/Desktop/GPT_BACKUP/freertos-colibri-imx7/middleware/multicore/open-amp/rpmsg/rpmsg_core.c.obj
                0x1fff8e80                rpmsg_enqueue_buffer
 .text.rpmsg_return_buffer
                0x1fff8eae       0x2e CMakeFiles/str_echo_freertos.dir/home/aselsan/Desktop/GPT_BACKUP/freertos-colibri-imx7/middleware/multicore/open-amp/rpmsg/rpmsg_core.c.obj
                0x1fff8eae                rpmsg_return_buffer
 .text.rpmsg_get_tx_buffer
                0x1fff8edc       0x30 CMakeFiles/str_echo_freertos.dir/home/aselsan/Desktop/GPT_BACKUP/freertos-colibri-imx7/middleware/multicore/open-amp/rpmsg/rpmsg_core.c.obj
                0x1fff8edc                rpmsg_get_tx_buffer
 .text.rpmsg_send_ns_message
                0x1fff8f0c       0x5e CMakeFiles/str_echo_freertos.dir/home/aselsan/Desktop/GPT_BACKUP/freertos-colibri-imx7/middleware/multicore/open-amp/rpmsg/rpmsg_core.c.obj
                0x1fff8f0c                rpmsg_send_ns_message
 .text.rpmsg_tx_callback
                0x1fff8f6a       0x34 CMakeFiles/str_echo_freertos.dir/home/aselsan/Desktop/GPT_BACKUP/freertos-colibri-imx7/middleware/multicore/open-amp/rpmsg/rpmsg_core.c.obj
 .text.rpmsg_get_rx_buffer
                0x1fff8f9e       0x20 CMakeFiles/str_echo_freertos.dir/home/aselsan/Desktop/GPT_BACKUP/freertos-colibri-imx7/middleware/multicore/open-amp/rpmsg/rpmsg_core.c.obj
                0x1fff8f9e                rpmsg_get_rx_buffer
 .text.rpmsg_rx_callback
                0x1fff8fbe       0xc2 CMakeFiles/str_echo_freertos.dir/home/aselsan/Desktop/GPT_BACKUP/freertos-colibri-imx7/middleware/multicore/open-amp/rpmsg/rpmsg_core.c.obj
 .text.rpmsg_free_buffer
                0x1fff9080       0x10 CMakeFiles/str_echo_freertos.dir/home/aselsan/Desktop/GPT_BACKUP/freertos-colibri-imx7/middleware/multicore/open-amp/rpmsg/rpmsg_core.c.obj
                0x1fff9080                rpmsg_free_buffer
 .text.rpmsg_get_address
                0x1fff9090       0x36 CMakeFiles/str_echo_freertos.dir/home/aselsan/Desktop/GPT_BACKUP/freertos-colibri-imx7/middleware/multicore/open-amp/rpmsg/rpmsg_core.c.obj
                0x1fff9090                rpmsg_get_address
 *fill*         0x1fff90c6        0x2 
 .text.rpmsg_release_address
                0x1fff90c8       0x3c CMakeFiles/str_echo_freertos.dir/home/aselsan/Desktop/GPT_BACKUP/freertos-colibri-imx7/middleware/multicore/open-amp/rpmsg/rpmsg_core.c.obj
                0x1fff90c8                rpmsg_release_address
 .text._destroy_endpoint
                0x1fff9104       0x42 CMakeFiles/str_echo_freertos.dir/home/aselsan/Desktop/GPT_BACKUP/freertos-colibri-imx7/middleware/multicore/open-amp/rpmsg/rpmsg_core.c.obj
                0x1fff9104                _destroy_endpoint
 *fill*         0x1fff9146        0x2 
 .text.rpmsg_is_address_set
                0x1fff9148       0x38 CMakeFiles/str_echo_freertos.dir/home/aselsan/Desktop/GPT_BACKUP/freertos-colibri-imx7/middleware/multicore/open-amp/rpmsg/rpmsg_core.c.obj
                0x1fff9148                rpmsg_is_address_set
 .text.rpmsg_set_address
                0x1fff9180       0x3c CMakeFiles/str_echo_freertos.dir/home/aselsan/Desktop/GPT_BACKUP/freertos-colibri-imx7/middleware/multicore/open-amp/rpmsg/rpmsg_core.c.obj
                0x1fff9180                rpmsg_set_address
 .text._create_endpoint
                0x1fff91bc       0x9c CMakeFiles/str_echo_freertos.dir/home/aselsan/Desktop/GPT_BACKUP/freertos-colibri-imx7/middleware/multicore/open-amp/rpmsg/rpmsg_core.c.obj
                0x1fff91bc                _create_endpoint
 .text.rpmsg_start_ipc
                0x1fff9258       0xac CMakeFiles/str_echo_freertos.dir/home/aselsan/Desktop/GPT_BACKUP/freertos-colibri-imx7/middleware/multicore/open-amp/rpmsg/rpmsg_core.c.obj
                0x1fff9258                rpmsg_start_ipc
 .text.rpmsg_hold_rx_buffer
                0x1fff9304       0x12 CMakeFiles/str_echo_freertos.dir/home/aselsan/Desktop/GPT_BACKUP/freertos-colibri-imx7/middleware/multicore/open-amp/rpmsg/rpmsg_ext.c.obj
                0x1fff9304                rpmsg_hold_rx_buffer
 .text.rpmsg_release_rx_buffer
                0x1fff9316       0x2e CMakeFiles/str_echo_freertos.dir/home/aselsan/Desktop/GPT_BACKUP/freertos-colibri-imx7/middleware/multicore/open-amp/rpmsg/rpmsg_ext.c.obj
                0x1fff9316                rpmsg_release_rx_buffer
 .text.rpmsg_alloc_tx_buffer
                0x1fff9344       0x72 CMakeFiles/str_echo_freertos.dir/home/aselsan/Desktop/GPT_BACKUP/freertos-colibri-imx7/middleware/multicore/open-amp/rpmsg/rpmsg_ext.c.obj
                0x1fff9344                rpmsg_alloc_tx_buffer
 *fill*         0x1fff93b6        0x2 
 .text.rpmsg_send_offchannel_nocopy
                0x1fff93b8       0x58 CMakeFiles/str_echo_freertos.dir/home/aselsan/Desktop/GPT_BACKUP/freertos-colibri-imx7/middleware/multicore/open-amp/rpmsg/rpmsg_ext.c.obj
                0x1fff93b8                rpmsg_send_offchannel_nocopy
 .text.rpmsg_channel_deleted_rtos
                0x1fff9410       0x28 CMakeFiles/str_echo_freertos.dir/home/aselsan/Desktop/GPT_BACKUP/freertos-colibri-imx7/middleware/multicore/open-amp/rpmsg/rpmsg_rtos.c.obj
 .text.rpmsg_read_rtos_cb
                0x1fff9438       0x58 CMakeFiles/str_echo_freertos.dir/home/aselsan/Desktop/GPT_BACKUP/freertos-colibri-imx7/middleware/multicore/open-amp/rpmsg/rpmsg_rtos.c.obj
 .text.rpmsg_channel_created_rtos
                0x1fff9490       0x54 CMakeFiles/str_echo_freertos.dir/home/aselsan/Desktop/GPT_BACKUP/freertos-colibri-imx7/middleware/multicore/open-amp/rpmsg/rpmsg_rtos.c.obj
 .text.rpmsg_rtos_init
                0x1fff94e4       0xbc CMakeFiles/str_echo_freertos.dir/home/aselsan/Desktop/GPT_BACKUP/freertos-colibri-imx7/middleware/multicore/open-amp/rpmsg/rpmsg_rtos.c.obj
                0x1fff94e4                rpmsg_rtos_init
 .text.rpmsg_rtos_recv_nocopy
                0x1fff95a0       0x48 CMakeFiles/str_echo_freertos.dir/home/aselsan/Desktop/GPT_BACKUP/freertos-colibri-imx7/middleware/multicore/open-amp/rpmsg/rpmsg_rtos.c.obj
                0x1fff95a0                rpmsg_rtos_recv_nocopy
 .text.rpmsg_rtos_recv_nocopy_free
                0x1fff95e8       0x20 CMakeFiles/str_echo_freertos.dir/home/aselsan/Desktop/GPT_BACKUP/freertos-colibri-imx7/middleware/multicore/open-amp/rpmsg/rpmsg_rtos.c.obj
                0x1fff95e8                rpmsg_rtos_recv_nocopy_free
 .text.rpmsg_rtos_alloc_tx_buffer
                0x1fff9608       0x16 CMakeFiles/str_echo_freertos.dir/home/aselsan/Desktop/GPT_BACKUP/freertos-colibri-imx7/middleware/multicore/open-amp/rpmsg/rpmsg_rtos.c.obj
                0x1fff9608                rpmsg_rtos_alloc_tx_buffer
 *fill*         0x1fff961e        0x2 
 .text.rpmsg_rtos_send_nocopy
                0x1fff9620       0x2c CMakeFiles/str_echo_freertos.dir/home/aselsan/Desktop/GPT_BACKUP/freertos-colibri-imx7/middleware/multicore/open-amp/rpmsg/rpmsg_rtos.c.obj
                0x1fff9620                rpmsg_rtos_send_nocopy
 .text.vq_ring_update_avail
                0x1fff964c       0x2c CMakeFiles/str_echo_freertos.dir/home/aselsan/Desktop/GPT_BACKUP/freertos-colibri-imx7/middleware/multicore/open-amp/virtio/virtqueue.c.obj
 .text.virtqueue_add_buffer
                0x1fff9678       0x8e CMakeFiles/str_echo_freertos.dir/home/aselsan/Desktop/GPT_BACKUP/freertos-colibri-imx7/middleware/multicore/open-amp/virtio/virtqueue.c.obj
                0x1fff9678                virtqueue_add_buffer
 .text.virtqueue_get_buffer
                0x1fff9706       0x86 CMakeFiles/str_echo_freertos.dir/home/aselsan/Desktop/GPT_BACKUP/freertos-colibri-imx7/middleware/multicore/open-amp/virtio/virtqueue.c.obj
                0x1fff9706                virtqueue_get_buffer
 .text.virtqueue_free
                0x1fff978c       0x12 CMakeFiles/str_echo_freertos.dir/home/aselsan/Desktop/GPT_BACKUP/freertos-colibri-imx7/middleware/multicore/open-amp/virtio/virtqueue.c.obj
                0x1fff978c                virtqueue_free
 .text.virtqueue_get_available_buffer
                0x1fff979e       0x4a CMakeFiles/str_echo_freertos.dir/home/aselsan/Desktop/GPT_BACKUP/freertos-colibri-imx7/middleware/multicore/open-amp/virtio/virtqueue.c.obj
                0x1fff979e                virtqueue_get_available_buffer
 .text.virtqueue_add_consumed_buffer
                0x1fff97e8       0x34 CMakeFiles/str_echo_freertos.dir/home/aselsan/Desktop/GPT_BACKUP/freertos-colibri-imx7/middleware/multicore/open-amp/virtio/virtqueue.c.obj
                0x1fff97e8                virtqueue_add_consumed_buffer
 .text.virtqueue_disable_cb
                0x1fff981c       0x2e CMakeFiles/str_echo_freertos.dir/home/aselsan/Desktop/GPT_BACKUP/freertos-colibri-imx7/middleware/multicore/open-amp/virtio/virtqueue.c.obj
                0x1fff981c                virtqueue_disable_cb
 *fill*         0x1fff984a        0x2 
 .text.virtqueue_create
                0x1fff984c       0xb8 CMakeFiles/str_echo_freertos.dir/home/aselsan/Desktop/GPT_BACKUP/freertos-colibri-imx7/middleware/multicore/open-amp/virtio/virtqueue.c.obj
                0x1fff984c                virtqueue_create
 .text.virtqueue_kick
                0x1fff9904       0x4e CMakeFiles/str_echo_freertos.dir/home/aselsan/Desktop/GPT_BACKUP/freertos-colibri-imx7/middleware/multicore/open-amp/virtio/virtqueue.c.obj
                0x1fff9904                virtqueue_kick
 .text.virtqueue_notification
                0x1fff9952        0x8 CMakeFiles/str_echo_freertos.dir/home/aselsan/Desktop/GPT_BACKUP/freertos-colibri-imx7/middleware/multicore/open-amp/virtio/virtqueue.c.obj
                0x1fff9952                virtqueue_notification
 *fill*         0x1fff995a        0x2 
 .text.SystemInit
                0x1fff995c       0xdc CMakeFiles/str_echo_freertos.dir/home/aselsan/Desktop/GPT_BACKUP/freertos-colibri-imx7/platform/devices/MCIMX7D/startup/system_MCIMX7D_M4.c.obj
                0x1fff995c                SystemInit
 .text.CCM_ANALOG_GetSysPllFreq
                0x1fff9a38       0x30 CMakeFiles/str_echo_freertos.dir/home/aselsan/Desktop/GPT_BACKUP/freertos-colibri-imx7/platform/drivers/src/ccm_analog_imx7d.c.obj
                0x1fff9a38                CCM_ANALOG_GetSysPllFreq
 .text.CCM_GetRootDivider
                0x1fff9a68       0x30 CMakeFiles/str_echo_freertos.dir/home/aselsan/Desktop/GPT_BACKUP/freertos-colibri-imx7/platform/drivers/src/ccm_imx7d.c.obj
                0x1fff9a68                CCM_GetRootDivider
 .text.CCM_UpdateRoot
                0x1fff9a98       0x6c CMakeFiles/str_echo_freertos.dir/home/aselsan/Desktop/GPT_BACKUP/freertos-colibri-imx7/platform/drivers/src/ccm_imx7d.c.obj
                0x1fff9a98                CCM_UpdateRoot
 .text.MU_SendMsg
                0x1fff9b04       0x30 CMakeFiles/str_echo_freertos.dir/home/aselsan/Desktop/GPT_BACKUP/freertos-colibri-imx7/platform/drivers/src/mu_imx.c.obj
                0x1fff9b04                MU_SendMsg
 .text.MU_TryReceiveMsg
                0x1fff9b34       0x3c CMakeFiles/str_echo_freertos.dir/home/aselsan/Desktop/GPT_BACKUP/freertos-colibri-imx7/platform/drivers/src/mu_imx.c.obj
                0x1fff9b34                MU_TryReceiveMsg
 .text.UART_Deinit
                0x1fff9b70       0x5e CMakeFiles/str_echo_freertos.dir/home/aselsan/Desktop/GPT_BACKUP/freertos-colibri-imx7/platform/drivers/src/uart_imx.c.obj
                0x1fff9b70                UART_Deinit
 *fill*         0x1fff9bce        0x2 
 .text.UART_SetBaudRate
                0x1fff9bd0       0xc8 CMakeFiles/str_echo_freertos.dir/home/aselsan/Desktop/GPT_BACKUP/freertos-colibri-imx7/platform/drivers/src/uart_imx.c.obj
                0x1fff9bd0                UART_SetBaudRate
 .text.UART_Init
                0x1fff9c98       0x68 CMakeFiles/str_echo_freertos.dir/home/aselsan/Desktop/GPT_BACKUP/freertos-colibri-imx7/platform/drivers/src/uart_imx.c.obj
                0x1fff9c98                UART_Init
 .text.UART_GetStatusFlag
                0x1fff9d00        0xe CMakeFiles/str_echo_freertos.dir/home/aselsan/Desktop/GPT_BACKUP/freertos-colibri-imx7/platform/drivers/src/uart_imx.c.obj
                0x1fff9d00                UART_GetStatusFlag
 *fill*         0x1fff9d0e        0x2 
 .text.UART_SetModemMode
                0x1fff9d10       0x3c CMakeFiles/str_echo_freertos.dir/home/aselsan/Desktop/GPT_BACKUP/freertos-colibri-imx7/platform/drivers/src/uart_imx.c.obj
                0x1fff9d10                UART_SetModemMode
 .text.GPT_Init
                0x1fff9d4c       0x7c CMakeFiles/str_echo_freertos.dir/home/aselsan/Desktop/GPT_BACKUP/freertos-colibri-imx7/platform/drivers/src/gpt.c.obj
                0x1fff9d4c                GPT_Init
 .text.GPT_SetClockSource
                0x1fff9dc8       0x40 CMakeFiles/str_echo_freertos.dir/home/aselsan/Desktop/GPT_BACKUP/freertos-colibri-imx7/platform/drivers/src/gpt.c.obj
                0x1fff9dc8                GPT_SetClockSource
 .text.GPT_SetIntCmd
                0x1fff9e08       0x10 CMakeFiles/str_echo_freertos.dir/home/aselsan/Desktop/GPT_BACKUP/freertos-colibri-imx7/platform/drivers/src/gpt.c.obj
                0x1fff9e08                GPT_SetIntCmd
 .text.GPIO_Init
                0x1fff9e18       0x7e CMakeFiles/str_echo_freertos.dir/home/aselsan/Desktop/GPT_BACKUP/freertos-colibri-imx7/platform/drivers/src/gpio_imx.c.obj
                0x1fff9e18                GPIO_Init
 *fill*         0x1fff9e96        0x2 
 .text.GPIO_WritePinOutput
                0x1fff9e98       0x3c CMakeFiles/str_echo_freertos.dir/home/aselsan/Desktop/GPT_BACKUP/freertos-colibri-imx7/platform/drivers/src/gpio_imx.c.obj
                0x1fff9e98                GPIO_WritePinOutput
 .text.debug_putc
                0x1fff9ed4       0x28 CMakeFiles/str_echo_freertos.dir/home/aselsan/Desktop/GPT_BACKUP/freertos-colibri-imx7/platform/utilities/src/debug_console_imx.c.obj
 .text.UART_ReceiveDataPolling
                0x1fff9efc       0x24 CMakeFiles/str_echo_freertos.dir/home/aselsan/Desktop/GPT_BACKUP/freertos-colibri-imx7/platform/utilities/src/debug_console_imx.c.obj
 .text.UART_SendDataPolling
                0x1fff9f20       0x38 CMakeFiles/str_echo_freertos.dir/home/aselsan/Desktop/GPT_BACKUP/freertos-colibri-imx7/platform/utilities/src/debug_console_imx.c.obj
 .text.DbgConsole_Init
                0x1fff9f58       0x5c CMakeFiles/str_echo_freertos.dir/home/aselsan/Desktop/GPT_BACKUP/freertos-colibri-imx7/platform/utilities/src/debug_console_imx.c.obj
                0x1fff9f58                DbgConsole_Init
 .text._write   0x1fff9fb4       0x28 CMakeFiles/str_echo_freertos.dir/home/aselsan/Desktop/GPT_BACKUP/freertos-colibri-imx7/platform/utilities/src/debug_console_imx.c.obj
                0x1fff9fb4                _write
 .text._read    0x1fff9fdc       0x20 CMakeFiles/str_echo_freertos.dir/home/aselsan/Desktop/GPT_BACKUP/freertos-colibri-imx7/platform/utilities/src/debug_console_imx.c.obj
                0x1fff9fdc                _read
 .text.debug_printf
                0x1fff9ffc       0x38 CMakeFiles/str_echo_freertos.dir/home/aselsan/Desktop/GPT_BACKUP/freertos-colibri-imx7/platform/utilities/src/debug_console_imx.c.obj
                0x1fff9ffc                debug_printf
 .text.debug_putchar
                0x1fffa034       0x1c CMakeFiles/str_echo_freertos.dir/home/aselsan/Desktop/GPT_BACKUP/freertos-colibri-imx7/platform/utilities/src/debug_console_imx.c.obj
                0x1fffa034                debug_putchar
 .text.I2C_Deinit
                0x1fffa050       0x16 CMakeFiles/str_echo_freertos.dir/home/aselsan/Desktop/GPT_BACKUP/freertos-colibri-imx7/platform/drivers/src/i2c_imx.c.obj
                0x1fffa050                I2C_Deinit
 *fill*         0x1fffa066        0x2 
 .text.I2C_SetBaudRate
                0x1fffa068       0x58 CMakeFiles/str_echo_freertos.dir/home/aselsan/Desktop/GPT_BACKUP/freertos-colibri-imx7/platform/drivers/src/i2c_imx.c.obj
                0x1fffa068                I2C_SetBaudRate
 .text.I2C_Init
                0x1fffa0c0       0x68 CMakeFiles/str_echo_freertos.dir/home/aselsan/Desktop/GPT_BACKUP/freertos-colibri-imx7/platform/drivers/src/i2c_imx.c.obj
                0x1fffa0c0                I2C_Init
 .text.I2C_SetAckBit
                0x1fffa128       0x18 CMakeFiles/str_echo_freertos.dir/home/aselsan/Desktop/GPT_BACKUP/freertos-colibri-imx7/platform/drivers/src/i2c_imx.c.obj
                0x1fffa128                I2C_SetAckBit
 .text.mknumstr
                0x1fffa140       0x6e CMakeFiles/str_echo_freertos.dir/home/aselsan/Desktop/GPT_BACKUP/freertos-colibri-imx7/platform/utilities/src/print_scan.c.obj
 .text.fput_pad.isra.0
                0x1fffa1ae       0x28 CMakeFiles/str_echo_freertos.dir/home/aselsan/Desktop/GPT_BACKUP/freertos-colibri-imx7/platform/utilities/src/print_scan.c.obj
 *fill*         0x1fffa1d6        0x2 
 .text._doprint
                0x1fffa1d8      0x3d4 CMakeFiles/str_echo_freertos.dir/home/aselsan/Desktop/GPT_BACKUP/freertos-colibri-imx7/platform/utilities/src/print_scan.c.obj
                0x1fffa1d8                _doprint
 .text.vListInitialise
                0x1fffa5ac       0x16 CMakeFiles/str_echo_freertos.dir/home/aselsan/Desktop/GPT_BACKUP/freertos-colibri-imx7/rtos/FreeRTOS/Source/list.c.obj
                0x1fffa5ac                vListInitialise
 .text.vListInitialiseItem
                0x1fffa5c2        0x6 CMakeFiles/str_echo_freertos.dir/home/aselsan/Desktop/GPT_BACKUP/freertos-colibri-imx7/rtos/FreeRTOS/Source/list.c.obj
                0x1fffa5c2                vListInitialiseItem
 .text.vListInsertEnd
                0x1fffa5c8       0x18 CMakeFiles/str_echo_freertos.dir/home/aselsan/Desktop/GPT_BACKUP/freertos-colibri-imx7/rtos/FreeRTOS/Source/list.c.obj
                0x1fffa5c8                vListInsertEnd
 .text.vListInsert
                0x1fffa5e0       0x30 CMakeFiles/str_echo_freertos.dir/home/aselsan/Desktop/GPT_BACKUP/freertos-colibri-imx7/rtos/FreeRTOS/Source/list.c.obj
                0x1fffa5e0                vListInsert
 .text.uxListRemove
                0x1fffa610       0x20 CMakeFiles/str_echo_freertos.dir/home/aselsan/Desktop/GPT_BACKUP/freertos-colibri-imx7/rtos/FreeRTOS/Source/list.c.obj
                0x1fffa610                uxListRemove
 .text.prvTaskExitError
                0x1fffa630       0x30 CMakeFiles/str_echo_freertos.dir/home/aselsan/Desktop/GPT_BACKUP/freertos-colibri-imx7/rtos/FreeRTOS/Source/portable/GCC/ARM_CM4F/port.c.obj
 .text.prvPortStartFirstTask
                0x1fffa660       0x20 CMakeFiles/str_echo_freertos.dir/home/aselsan/Desktop/GPT_BACKUP/freertos-colibri-imx7/rtos/FreeRTOS/Source/portable/GCC/ARM_CM4F/port.c.obj
 .text.vPortEnableVFP
                0x1fffa680       0x14 CMakeFiles/str_echo_freertos.dir/home/aselsan/Desktop/GPT_BACKUP/freertos-colibri-imx7/rtos/FreeRTOS/Source/portable/GCC/ARM_CM4F/port.c.obj
 .text.pxPortInitialiseStack
                0x1fffa694       0x24 CMakeFiles/str_echo_freertos.dir/home/aselsan/Desktop/GPT_BACKUP/freertos-colibri-imx7/rtos/FreeRTOS/Source/portable/GCC/ARM_CM4F/port.c.obj
                0x1fffa694                pxPortInitialiseStack
 .text.SVC_Handler
                0x1fffa6b8       0x20 CMakeFiles/str_echo_freertos.dir/home/aselsan/Desktop/GPT_BACKUP/freertos-colibri-imx7/rtos/FreeRTOS/Source/portable/GCC/ARM_CM4F/port.c.obj
                0x1fffa6b8                SVC_Handler
 .text.vPortEnterCritical
                0x1fffa6d8       0x44 CMakeFiles/str_echo_freertos.dir/home/aselsan/Desktop/GPT_BACKUP/freertos-colibri-imx7/rtos/FreeRTOS/Source/portable/GCC/ARM_CM4F/port.c.obj
                0x1fffa6d8                vPortEnterCritical
 .text.vPortExitCritical
                0x1fffa71c       0x28 CMakeFiles/str_echo_freertos.dir/home/aselsan/Desktop/GPT_BACKUP/freertos-colibri-imx7/rtos/FreeRTOS/Source/portable/GCC/ARM_CM4F/port.c.obj
                0x1fffa71c                vPortExitCritical
 .text.PendSV_Handler
                0x1fffa744       0x60 CMakeFiles/str_echo_freertos.dir/home/aselsan/Desktop/GPT_BACKUP/freertos-colibri-imx7/rtos/FreeRTOS/Source/portable/GCC/ARM_CM4F/port.c.obj
                0x1fffa744                PendSV_Handler
 .text.SysTick_Handler
                0x1fffa7a4       0x30 CMakeFiles/str_echo_freertos.dir/home/aselsan/Desktop/GPT_BACKUP/freertos-colibri-imx7/rtos/FreeRTOS/Source/portable/GCC/ARM_CM4F/port.c.obj
                0x1fffa7a4                SysTick_Handler
 .text.vPortSetupTimerInterrupt
                0x1fffa7d4       0x18 CMakeFiles/str_echo_freertos.dir/home/aselsan/Desktop/GPT_BACKUP/freertos-colibri-imx7/rtos/FreeRTOS/Source/portable/GCC/ARM_CM4F/port.c.obj
                0x1fffa7d4                vPortSetupTimerInterrupt
 .text.xPortStartScheduler
                0x1fffa7ec       0xe0 CMakeFiles/str_echo_freertos.dir/home/aselsan/Desktop/GPT_BACKUP/freertos-colibri-imx7/rtos/FreeRTOS/Source/portable/GCC/ARM_CM4F/port.c.obj
                0x1fffa7ec                xPortStartScheduler
 .text.vPortValidateInterruptPriority
                0x1fffa8cc       0x5c CMakeFiles/str_echo_freertos.dir/home/aselsan/Desktop/GPT_BACKUP/freertos-colibri-imx7/rtos/FreeRTOS/Source/portable/GCC/ARM_CM4F/port.c.obj
                0x1fffa8cc                vPortValidateInterruptPriority
 .text.pvPortMalloc
                0x1fffa928       0xb8 CMakeFiles/str_echo_freertos.dir/home/aselsan/Desktop/GPT_BACKUP/freertos-colibri-imx7/rtos/FreeRTOS/Source/portable/MemMang/heap_2.c.obj
                0x1fffa928                pvPortMalloc
 .text.vPortFree
                0x1fffa9e0       0x40 CMakeFiles/str_echo_freertos.dir/home/aselsan/Desktop/GPT_BACKUP/freertos-colibri-imx7/rtos/FreeRTOS/Source/portable/MemMang/heap_2.c.obj
                0x1fffa9e0                vPortFree
 .text.unlikely.prvCopyDataToQueue
                0x1fffaa20       0x5a CMakeFiles/str_echo_freertos.dir/home/aselsan/Desktop/GPT_BACKUP/freertos-colibri-imx7/rtos/FreeRTOS/Source/queue.c.obj
 .text.unlikely.prvCopyDataFromQueue
                0x1fffaa7a       0x26 CMakeFiles/str_echo_freertos.dir/home/aselsan/Desktop/GPT_BACKUP/freertos-colibri-imx7/rtos/FreeRTOS/Source/queue.c.obj
 .text.prvUnlockQueue
                0x1fffaaa0       0x64 CMakeFiles/str_echo_freertos.dir/home/aselsan/Desktop/GPT_BACKUP/freertos-colibri-imx7/rtos/FreeRTOS/Source/queue.c.obj
 .text.xQueueGenericReset
                0x1fffab04       0x80 CMakeFiles/str_echo_freertos.dir/home/aselsan/Desktop/GPT_BACKUP/freertos-colibri-imx7/rtos/FreeRTOS/Source/queue.c.obj
                0x1fffab04                xQueueGenericReset
 .text.xQueueGenericCreate
                0x1fffab84       0x5e CMakeFiles/str_echo_freertos.dir/home/aselsan/Desktop/GPT_BACKUP/freertos-colibri-imx7/rtos/FreeRTOS/Source/queue.c.obj
                0x1fffab84                xQueueGenericCreate
 .text.xQueueCreateCountingSemaphore
                0x1fffabe2       0x4e CMakeFiles/str_echo_freertos.dir/home/aselsan/Desktop/GPT_BACKUP/freertos-colibri-imx7/rtos/FreeRTOS/Source/queue.c.obj
                0x1fffabe2                xQueueCreateCountingSemaphore
 .text.xQueueGenericSend
                0x1fffac30      0x13c CMakeFiles/str_echo_freertos.dir/home/aselsan/Desktop/GPT_BACKUP/freertos-colibri-imx7/rtos/FreeRTOS/Source/queue.c.obj
                0x1fffac30                xQueueGenericSend
 .text.xQueueGenericSendFromISR
                0x1fffad6c       0xb8 CMakeFiles/str_echo_freertos.dir/home/aselsan/Desktop/GPT_BACKUP/freertos-colibri-imx7/rtos/FreeRTOS/Source/queue.c.obj
                0x1fffad6c                xQueueGenericSendFromISR
 .text.xQueueGiveFromISR
                0x1fffae24       0xa0 CMakeFiles/str_echo_freertos.dir/home/aselsan/Desktop/GPT_BACKUP/freertos-colibri-imx7/rtos/FreeRTOS/Source/queue.c.obj
                0x1fffae24                xQueueGiveFromISR
 .text.xQueueGenericReceive
                0x1fffaec4      0x13c CMakeFiles/str_echo_freertos.dir/home/aselsan/Desktop/GPT_BACKUP/freertos-colibri-imx7/rtos/FreeRTOS/Source/queue.c.obj
                0x1fffaec4                xQueueGenericReceive
 .text.xQueueReceiveFromISR
                0x1fffb000       0x88 CMakeFiles/str_echo_freertos.dir/home/aselsan/Desktop/GPT_BACKUP/freertos-colibri-imx7/rtos/FreeRTOS/Source/queue.c.obj
                0x1fffb000                xQueueReceiveFromISR
 .text.vQueueUnregisterQueue
                0x1fffb088       0x24 CMakeFiles/str_echo_freertos.dir/home/aselsan/Desktop/GPT_BACKUP/freertos-colibri-imx7/rtos/FreeRTOS/Source/queue.c.obj
                0x1fffb088                vQueueUnregisterQueue
 .text.vQueueDelete
                0x1fffb0ac       0x26 CMakeFiles/str_echo_freertos.dir/home/aselsan/Desktop/GPT_BACKUP/freertos-colibri-imx7/rtos/FreeRTOS/Source/queue.c.obj
                0x1fffb0ac                vQueueDelete
 .text.prvIdleTask
                0x1fffb0d2        0x2 CMakeFiles/str_echo_freertos.dir/home/aselsan/Desktop/GPT_BACKUP/freertos-colibri-imx7/rtos/FreeRTOS/Source/tasks.c.obj
 .text.prvResetNextTaskUnblockTime
                0x1fffb0d4       0x24 CMakeFiles/str_echo_freertos.dir/home/aselsan/Desktop/GPT_BACKUP/freertos-colibri-imx7/rtos/FreeRTOS/Source/tasks.c.obj
 .text.prvAddCurrentTaskToDelayedList
                0x1fffb0f8       0x50 CMakeFiles/str_echo_freertos.dir/home/aselsan/Desktop/GPT_BACKUP/freertos-colibri-imx7/rtos/FreeRTOS/Source/tasks.c.obj
 .text.unlikely.xTaskGenericCreate.part.4
                0x1fffb148      0x194 CMakeFiles/str_echo_freertos.dir/home/aselsan/Desktop/GPT_BACKUP/freertos-colibri-imx7/rtos/FreeRTOS/Source/tasks.c.obj
 .text.xTaskGenericCreate
                0x1fffb2dc       0x40 CMakeFiles/str_echo_freertos.dir/home/aselsan/Desktop/GPT_BACKUP/freertos-colibri-imx7/rtos/FreeRTOS/Source/tasks.c.obj
                0x1fffb2dc                xTaskGenericCreate
 .text.vTaskStartScheduler
                0x1fffb31c       0x70 CMakeFiles/str_echo_freertos.dir/home/aselsan/Desktop/GPT_BACKUP/freertos-colibri-imx7/rtos/FreeRTOS/Source/tasks.c.obj
                0x1fffb31c                vTaskStartScheduler
 .text.vTaskSuspendAll
                0x1fffb38c       0x10 CMakeFiles/str_echo_freertos.dir/home/aselsan/Desktop/GPT_BACKUP/freertos-colibri-imx7/rtos/FreeRTOS/Source/tasks.c.obj
                0x1fffb38c                vTaskSuspendAll
 .text.xTaskIncrementTick
                0x1fffb39c      0x118 CMakeFiles/str_echo_freertos.dir/home/aselsan/Desktop/GPT_BACKUP/freertos-colibri-imx7/rtos/FreeRTOS/Source/tasks.c.obj
                0x1fffb39c                xTaskIncrementTick
 .text.xTaskResumeAll
                0x1fffb4b4       0xe4 CMakeFiles/str_echo_freertos.dir/home/aselsan/Desktop/GPT_BACKUP/freertos-colibri-imx7/rtos/FreeRTOS/Source/tasks.c.obj
                0x1fffb4b4                xTaskResumeAll
 .text.vTaskDelay
                0x1fffb598       0x7c CMakeFiles/str_echo_freertos.dir/home/aselsan/Desktop/GPT_BACKUP/freertos-colibri-imx7/rtos/FreeRTOS/Source/tasks.c.obj
                0x1fffb598                vTaskDelay
 .text.vTaskSwitchContext
                0x1fffb614       0x74 CMakeFiles/str_echo_freertos.dir/home/aselsan/Desktop/GPT_BACKUP/freertos-colibri-imx7/rtos/FreeRTOS/Source/tasks.c.obj
                0x1fffb614                vTaskSwitchContext
 .text.vTaskPlaceOnEventList
                0x1fffb688       0x70 CMakeFiles/str_echo_freertos.dir/home/aselsan/Desktop/GPT_BACKUP/freertos-colibri-imx7/rtos/FreeRTOS/Source/tasks.c.obj
                0x1fffb688                vTaskPlaceOnEventList
 .text.xTaskRemoveFromEventList
                0x1fffb6f8       0x80 CMakeFiles/str_echo_freertos.dir/home/aselsan/Desktop/GPT_BACKUP/freertos-colibri-imx7/rtos/FreeRTOS/Source/tasks.c.obj
                0x1fffb6f8                xTaskRemoveFromEventList
 .text.vTaskSetTimeOutState
                0x1fffb778       0x2c CMakeFiles/str_echo_freertos.dir/home/aselsan/Desktop/GPT_BACKUP/freertos-colibri-imx7/rtos/FreeRTOS/Source/tasks.c.obj
                0x1fffb778                vTaskSetTimeOutState
 .text.xTaskCheckForTimeOut
                0x1fffb7a4       0x74 CMakeFiles/str_echo_freertos.dir/home/aselsan/Desktop/GPT_BACKUP/freertos-colibri-imx7/rtos/FreeRTOS/Source/tasks.c.obj
                0x1fffb7a4                xTaskCheckForTimeOut
 .text.vTaskMissedYield
                0x1fffb818        0xc CMakeFiles/str_echo_freertos.dir/home/aselsan/Desktop/GPT_BACKUP/freertos-colibri-imx7/rtos/FreeRTOS/Source/tasks.c.obj
                0x1fffb818                vTaskMissedYield
 .text.CCM_ControlGate.isra.2
                0x1fffb824       0x24 CMakeFiles/str_echo_freertos.dir/home/aselsan/Desktop/GPT_BACKUP/freertos-colibri-imx7/examples/imx7_colibri_m4/board.c.obj
 .text.BOARD_ClockInit
                0x1fffb848       0xfc CMakeFiles/str_echo_freertos.dir/home/aselsan/Desktop/GPT_BACKUP/freertos-colibri-imx7/examples/imx7_colibri_m4/board.c.obj
                0x1fffb848                BOARD_ClockInit
 .text.BOARD_RdcInit
                0x1fffb944       0x10 CMakeFiles/str_echo_freertos.dir/home/aselsan/Desktop/GPT_BACKUP/freertos-colibri-imx7/examples/imx7_colibri_m4/board.c.obj
                0x1fffb944                BOARD_RdcInit
 .text.get_i2c_clock_freq
                0x1fffb954       0x8c CMakeFiles/str_echo_freertos.dir/home/aselsan/Desktop/GPT_BACKUP/freertos-colibri-imx7/examples/imx7_colibri_m4/clock_freq.c.obj
                0x1fffb954                get_i2c_clock_freq
 .text.get_uart_clock_freq
                0x1fffb9e0       0xc8 CMakeFiles/str_echo_freertos.dir/home/aselsan/Desktop/GPT_BACKUP/freertos-colibri-imx7/examples/imx7_colibri_m4/clock_freq.c.obj
                0x1fffb9e0                get_uart_clock_freq
 .text.configure_i2c_pins
                0x1fffbaa8      0x12c CMakeFiles/str_echo_freertos.dir/home/aselsan/Desktop/GPT_BACKUP/freertos-colibri-imx7/examples/imx7_colibri_m4/pin_mux.c.obj
                0x1fffbaa8                configure_i2c_pins
 .text.configure_uart_pins
                0x1fffbbd4       0x7c CMakeFiles/str_echo_freertos.dir/home/aselsan/Desktop/GPT_BACKUP/freertos-colibri-imx7/examples/imx7_colibri_m4/pin_mux.c.obj
                0x1fffbbd4                configure_uart_pins
 .text.CCM_EnableRoot.isra.0
                0x1fffbc50       0x28 CMakeFiles/str_echo_freertos.dir/home/aselsan/Desktop/GPT_BACKUP/freertos-colibri-imx7/examples/imx7_colibri_m4/demo_apps/rpmsg/str_echo_freertos/hardware_init.c.obj
 .text.CCM_ControlGate.isra.1
                0x1fffbc78       0x24 CMakeFiles/str_echo_freertos.dir/home/aselsan/Desktop/GPT_BACKUP/freertos-colibri-imx7/examples/imx7_colibri_m4/demo_apps/rpmsg/str_echo_freertos/hardware_init.c.obj
 .text.hardware_init
                0x1fffbc9c      0x158 CMakeFiles/str_echo_freertos.dir/home/aselsan/Desktop/GPT_BACKUP/freertos-colibri-imx7/examples/imx7_colibri_m4/demo_apps/rpmsg/str_echo_freertos/hardware_init.c.obj
                0x1fffbc9c                hardware_init
 .text.startup.main
                0x1fffbdf4       0xe0 CMakeFiles/str_echo_freertos.dir/home/aselsan/Desktop/GPT_BACKUP/freertos-colibri-imx7/examples/imx7_colibri_m4/demo_apps/rpmsg/str_echo_freertos/str_echo_freertos.c.obj
                0x1fffbdf4                main
 .text.MU_M4_Handler
                0x1fffbed4        0x4 CMakeFiles/str_echo_freertos.dir/home/aselsan/Desktop/GPT_BACKUP/freertos-colibri-imx7/examples/imx7_colibri_m4/demo_apps/rpmsg/str_echo_freertos/str_echo_freertos.c.obj
                0x1fffbed4                MU_M4_Handler
 .text.Hw_Timer_Init
                0x1fffbed8       0xe8 CMakeFiles/str_echo_freertos.dir/home/aselsan/Desktop/GPT_BACKUP/freertos-colibri-imx7/examples/imx7_colibri_m4/demo_apps/rpmsg/str_echo_freertos/timer.c.obj
                0x1fffbed8                Hw_Timer_Init
 .text.GPT3_Handler
                0x1fffbfc0        0xc CMakeFiles/str_echo_freertos.dir/home/aselsan/Desktop/GPT_BACKUP/freertos-colibri-imx7/examples/imx7_colibri_m4/demo_apps/rpmsg/str_echo_freertos/timer.c.obj
                0x1fffbfc0                GPT3_Handler
 .text.i2s_init
                0x1fffbfcc       0xb0 CMakeFiles/str_echo_freertos.dir/home/aselsan/Desktop/GPT_BACKUP/freertos-colibri-imx7/examples/imx7_colibri_m4/demo_apps/rpmsg/str_echo_freertos/gpio.c.obj
                0x1fffbfcc                i2s_init
 .text.init_gpio
                0x1fffc07c       0xd8 CMakeFiles/str_echo_freertos.dir/home/aselsan/Desktop/GPT_BACKUP/freertos-colibri-imx7/examples/imx7_colibri_m4/demo_apps/rpmsg/str_echo_freertos/gpio.c.obj
                0x1fffc07c                init_gpio
 .text.fill_sai
                0x1fffc154       0x40 CMakeFiles/str_echo_freertos.dir/home/aselsan/Desktop/GPT_BACKUP/freertos-colibri-imx7/examples/imx7_colibri_m4/demo_apps/rpmsg/str_echo_freertos/gpio.c.obj
                0x1fffc154                fill_sai
 .text.task_ledToggle
                0x1fffc194       0x18 CMakeFiles/str_echo_freertos.dir/home/aselsan/Desktop/GPT_BACKUP/freertos-colibri-imx7/examples/imx7_colibri_m4/demo_apps/rpmsg/str_echo_freertos/gpio.c.obj
                0x1fffc194                task_ledToggle
 .text.I2C_MasterReceiveDataPolling.part.3.constprop.6
                0x1fffc1ac      0x118 CMakeFiles/str_echo_freertos.dir/home/aselsan/Desktop/GPT_BACKUP/freertos-colibri-imx7/examples/imx7_colibri_m4/demo_apps/rpmsg/str_echo_freertos/i2c.c.obj
 .text.I2C_MasterSendDataPolling.constprop.4
                0x1fffc2c4       0xb0 CMakeFiles/str_echo_freertos.dir/home/aselsan/Desktop/GPT_BACKUP/freertos-colibri-imx7/examples/imx7_colibri_m4/demo_apps/rpmsg/str_echo_freertos/i2c.c.obj
 .text.init_tca6424
                0x1fffc374       0xd0 CMakeFiles/str_echo_freertos.dir/home/aselsan/Desktop/GPT_BACKUP/freertos-colibri-imx7/examples/imx7_colibri_m4/demo_apps/rpmsg/str_echo_freertos/i2c.c.obj
                0x1fffc374                init_tca6424
 .text.read_rotary_switch
                0x1fffc444       0xac CMakeFiles/str_echo_freertos.dir/home/aselsan/Desktop/GPT_BACKUP/freertos-colibri-imx7/examples/imx7_colibri_m4/demo_apps/rpmsg/str_echo_freertos/i2c.c.obj
                0x1fffc444                read_rotary_switch
 .text.read_switches
                0x1fffc4f0       0xa0 CMakeFiles/str_echo_freertos.dir/home/aselsan/Desktop/GPT_BACKUP/freertos-colibri-imx7/examples/imx7_colibri_m4/demo_apps/rpmsg/str_echo_freertos/i2c.c.obj
                0x1fffc4f0                read_switches
 .text.task_button_card_process
                0x1fffc590       0x12 CMakeFiles/str_echo_freertos.dir/home/aselsan/Desktop/GPT_BACKUP/freertos-colibri-imx7/examples/imx7_colibri_m4/demo_apps/rpmsg/str_echo_freertos/i2c.c.obj
                0x1fffc590                task_button_card_process
 *fill*         0x1fffc5a2        0x2 
 .text.setPin   0x1fffc5a4       0x74 CMakeFiles/str_echo_freertos.dir/home/aselsan/Desktop/GPT_BACKUP/freertos-colibri-imx7/examples/imx7_colibri_m4/demo_apps/rpmsg/str_echo_freertos/i2c.c.obj
                0x1fffc5a4                setPin
 .text.pointPreviousPlace
                0x1fffc618       0x18 CMakeFiles/str_echo_freertos.dir/home/aselsan/Desktop/GPT_BACKUP/freertos-colibri-imx7/examples/imx7_colibri_m4/demo_apps/rpmsg/str_echo_freertos/comm_skb.c.obj
                0x1fffc618                pointPreviousPlace
 .text.pointNextPlace
                0x1fffc630       0x18 CMakeFiles/str_echo_freertos.dir/home/aselsan/Desktop/GPT_BACKUP/freertos-colibri-imx7/examples/imx7_colibri_m4/demo_apps/rpmsg/str_echo_freertos/comm_skb.c.obj
                0x1fffc630                pointNextPlace
 .text.skb_comm_semaphore_init
                0x1fffc648       0x5c CMakeFiles/str_echo_freertos.dir/home/aselsan/Desktop/GPT_BACKUP/freertos-colibri-imx7/examples/imx7_colibri_m4/demo_apps/rpmsg/str_echo_freertos/comm_skb.c.obj
                0x1fffc648                skb_comm_semaphore_init
 .text.get_packet_from_a7_rx_buffer
                0x1fffc6a4       0xd8 CMakeFiles/str_echo_freertos.dir/home/aselsan/Desktop/GPT_BACKUP/freertos-colibri-imx7/examples/imx7_colibri_m4/demo_apps/rpmsg/str_echo_freertos/comm_skb.c.obj
                0x1fffc6a4                get_packet_from_a7_rx_buffer
 .text.task_fill_skb_rx_buf
                0x1fffc77c       0x60 CMakeFiles/str_echo_freertos.dir/home/aselsan/Desktop/GPT_BACKUP/freertos-colibri-imx7/examples/imx7_colibri_m4/demo_apps/rpmsg/str_echo_freertos/comm_skb.c.obj
                0x1fffc77c                task_fill_skb_rx_buf
 .text.decode_binary
                0x1fffc7dc       0x20 CMakeFiles/str_echo_freertos.dir/home/aselsan/Desktop/GPT_BACKUP/freertos-colibri-imx7/examples/imx7_colibri_m4/demo_apps/rpmsg/str_echo_freertos/comm_skb.c.obj
                0x1fffc7dc                decode_binary
 .text.process_skb_packet
                0x1fffc7fc       0x94 CMakeFiles/str_echo_freertos.dir/home/aselsan/Desktop/GPT_BACKUP/freertos-colibri-imx7/examples/imx7_colibri_m4/demo_apps/rpmsg/str_echo_freertos/comm_skb.c.obj
                0x1fffc7fc                process_skb_packet
 .text.task_parse_skb_rx_buf
                0x1fffc890      0x730 CMakeFiles/str_echo_freertos.dir/home/aselsan/Desktop/GPT_BACKUP/freertos-colibri-imx7/examples/imx7_colibri_m4/demo_apps/rpmsg/str_echo_freertos/comm_skb.c.obj
                0x1fffc890                task_parse_skb_rx_buf
 .text.process_a7_packet
                0x1fffcfc0       0x94 CMakeFiles/str_echo_freertos.dir/home/aselsan/Desktop/GPT_BACKUP/freertos-colibri-imx7/examples/imx7_colibri_m4/demo_apps/rpmsg/str_echo_freertos/comm_skb.c.obj
                0x1fffcfc0                process_a7_packet
 .text.task_send_data_to_skb
                0x1fffd054      0x2ec CMakeFiles/str_echo_freertos.dir/home/aselsan/Desktop/GPT_BACKUP/freertos-colibri-imx7/examples/imx7_colibri_m4/demo_apps/rpmsg/str_echo_freertos/comm_skb.c.obj
                0x1fffd054                task_send_data_to_skb
 .text.__assert_func
                0x1fffd340       0x38 /home/aselsan/Desktop/IMX7/toolchain/gcc-arm-none-eabi-4_9-2015q3/bin/../lib/gcc/arm-none-eabi/4.9.3/../../../../arm-none-eabi/lib/armv7e-m/fpu/libc_nano.a(lib_a-assert.o)
                0x1fffd340                __assert_func
 .text.exit     0x1fffd378       0x28 /home/aselsan/Desktop/IMX7/toolchain/gcc-arm-none-eabi-4_9-2015q3/bin/../lib/gcc/arm-none-eabi/4.9.3/../../../../arm-none-eabi/lib/armv7e-m/fpu/libc_nano.a(lib_a-exit.o)
                0x1fffd378                exit
 .text.fprintf  0x1fffd3a0       0x24 /home/aselsan/Desktop/IMX7/toolchain/gcc-arm-none-eabi-4_9-2015q3/bin/../lib/gcc/arm-none-eabi/4.9.3/../../../../arm-none-eabi/lib/armv7e-m/fpu/libc_nano.a(lib_a-fprintf.o)
                0x1fffd3a0                fprintf
                0x1fffd3a0                fiprintf
 .text.__libc_init_array
                0x1fffd3c4       0x4c /home/aselsan/Desktop/IMX7/toolchain/gcc-arm-none-eabi-4_9-2015q3/bin/../lib/gcc/arm-none-eabi/4.9.3/../../../../arm-none-eabi/lib/armv7e-m/fpu/libc_nano.a(lib_a-init.o)
                0x1fffd3c4                __libc_init_array
 .text.memcpy   0x1fffd410       0x16 /home/aselsan/Desktop/IMX7/toolchain/gcc-arm-none-eabi-4_9-2015q3/bin/../lib/gcc/arm-none-eabi/4.9.3/../../../../arm-none-eabi/lib/armv7e-m/fpu/libc_nano.a(lib_a-memcpy.o)
                0x1fffd410                memcpy
 .text.memset   0x1fffd426       0x10 /home/aselsan/Desktop/IMX7/toolchain/gcc-arm-none-eabi-4_9-2015q3/bin/../lib/gcc/arm-none-eabi/4.9.3/../../../../arm-none-eabi/lib/armv7e-m/fpu/libc_nano.a(lib_a-memset.o)
                0x1fffd426                memset
 .text.__sfputc_r
                0x1fffd436       0x2c /home/aselsan/Desktop/IMX7/toolchain/gcc-arm-none-eabi-4_9-2015q3/bin/../lib/gcc/arm-none-eabi/4.9.3/../../../../arm-none-eabi/lib/armv7e-m/fpu/libc_nano.a(lib_a-nano-vfprintf.o)
 .text.__sfputs_r
                0x1fffd462       0x24 /home/aselsan/Desktop/IMX7/toolchain/gcc-arm-none-eabi-4_9-2015q3/bin/../lib/gcc/arm-none-eabi/4.9.3/../../../../arm-none-eabi/lib/armv7e-m/fpu/libc_nano.a(lib_a-nano-vfprintf.o)
                0x1fffd462                __sfputs_r
 *fill*         0x1fffd486        0x2 
 .text._vfprintf_r
                0x1fffd488      0x210 /home/aselsan/Desktop/IMX7/toolchain/gcc-arm-none-eabi-4_9-2015q3/bin/../lib/gcc/arm-none-eabi/4.9.3/../../../../arm-none-eabi/lib/armv7e-m/fpu/libc_nano.a(lib_a-nano-vfprintf.o)
                0x1fffd488                _vfiprintf_r
                0x1fffd488                _vfprintf_r
 .text._printf_common
                0x1fffd698       0xea /home/aselsan/Desktop/IMX7/toolchain/gcc-arm-none-eabi-4_9-2015q3/bin/../lib/gcc/arm-none-eabi/4.9.3/../../../../arm-none-eabi/lib/armv7e-m/fpu/libc_nano.a(lib_a-nano-vfprintf_i.o)
                0x1fffd698                _printf_common
 *fill*         0x1fffd782        0x2 
 .text._printf_i
                0x1fffd784      0x240 /home/aselsan/Desktop/IMX7/toolchain/gcc-arm-none-eabi-4_9-2015q3/bin/../lib/gcc/arm-none-eabi/4.9.3/../../../../arm-none-eabi/lib/armv7e-m/fpu/libc_nano.a(lib_a-nano-vfprintf_i.o)
                0x1fffd784                _printf_i
 .text.strlen   0x1fffd9c4       0x10 /home/aselsan/Desktop/IMX7/toolchain/gcc-arm-none-eabi-4_9-2015q3/bin/../lib/gcc/arm-none-eabi/4.9.3/../../../../arm-none-eabi/lib/armv7e-m/fpu/libc_nano.a(lib_a-strlen.o)
                0x1fffd9c4                strlen
 .text.strncmp  0x1fffd9d4       0x34 /home/aselsan/Desktop/IMX7/toolchain/gcc-arm-none-eabi-4_9-2015q3/bin/../lib/gcc/arm-none-eabi/4.9.3/../../../../arm-none-eabi/lib/armv7e-m/fpu/libc_nano.a(lib_a-strncmp.o)
                0x1fffd9d4                strncmp
 .text.strncpy  0x1fffda08       0x24 /home/aselsan/Desktop/IMX7/toolchain/gcc-arm-none-eabi-4_9-2015q3/bin/../lib/gcc/arm-none-eabi/4.9.3/../../../../arm-none-eabi/lib/armv7e-m/fpu/libc_nano.a(lib_a-strncpy.o)
                0x1fffda08                strncpy
 .text.__swbuf_r
                0x1fffda2c       0xa8 /home/aselsan/Desktop/IMX7/toolchain/gcc-arm-none-eabi-4_9-2015q3/bin/../lib/gcc/arm-none-eabi/4.9.3/../../../../arm-none-eabi/lib/armv7e-m/fpu/libc_nano.a(lib_a-wbuf.o)
                0x1fffda2c                __swbuf_r
 .text.__swsetup_r
                0x1fffdad4       0xd8 /home/aselsan/Desktop/IMX7/toolchain/gcc-arm-none-eabi-4_9-2015q3/bin/../lib/gcc/arm-none-eabi/4.9.3/../../../../arm-none-eabi/lib/armv7e-m/fpu/libc_nano.a(lib_a-wsetup.o)
                0x1fffdad4                __swsetup_r
 .text.abort    0x1fffdbac        0xe /home/aselsan/Desktop/IMX7/toolchain/gcc-arm-none-eabi-4_9-2015q3/bin/../lib/gcc/arm-none-eabi/4.9.3/../../../../arm-none-eabi/lib/armv7e-m/fpu/libc_nano.a(lib_a-abort.o)
                0x1fffdbac                abort
 .text.__sflush_r
                0x1fffdbba      0x108 /home/aselsan/Desktop/IMX7/toolchain/gcc-arm-none-eabi-4_9-2015q3/bin/../lib/gcc/arm-none-eabi/4.9.3/../../../../arm-none-eabi/lib/armv7e-m/fpu/libc_nano.a(lib_a-fflush.o)
                0x1fffdbba                __sflush_r
 *fill*         0x1fffdcc2        0x2 
 .text._fflush_r
                0x1fffdcc4       0x54 /home/aselsan/Desktop/IMX7/toolchain/gcc-arm-none-eabi-4_9-2015q3/bin/../lib/gcc/arm-none-eabi/4.9.3/../../../../arm-none-eabi/lib/armv7e-m/fpu/libc_nano.a(lib_a-fflush.o)
                0x1fffdcc4                _fflush_r
 .text._cleanup_r
                0x1fffdd18        0xc /home/aselsan/Desktop/IMX7/toolchain/gcc-arm-none-eabi-4_9-2015q3/bin/../lib/gcc/arm-none-eabi/4.9.3/../../../../arm-none-eabi/lib/armv7e-m/fpu/libc_nano.a(lib_a-findfp.o)
                0x1fffdd18                _cleanup_r
 .text.std.isra.0
                0x1fffdd24       0x48 /home/aselsan/Desktop/IMX7/toolchain/gcc-arm-none-eabi-4_9-2015q3/bin/../lib/gcc/arm-none-eabi/4.9.3/../../../../arm-none-eabi/lib/armv7e-m/fpu/libc_nano.a(lib_a-findfp.o)
 .text.__sfmoreglue
                0x1fffdd6c       0x2c /home/aselsan/Desktop/IMX7/toolchain/gcc-arm-none-eabi-4_9-2015q3/bin/../lib/gcc/arm-none-eabi/4.9.3/../../../../arm-none-eabi/lib/armv7e-m/fpu/libc_nano.a(lib_a-findfp.o)
                0x1fffdd6c                __sfmoreglue
 .text.__sinit  0x1fffdd98       0x60 /home/aselsan/Desktop/IMX7/toolchain/gcc-arm-none-eabi-4_9-2015q3/bin/../lib/gcc/arm-none-eabi/4.9.3/../../../../arm-none-eabi/lib/armv7e-m/fpu/libc_nano.a(lib_a-findfp.o)
                0x1fffdd98                __sinit
 .text.__sfp    0x1fffddf8       0x74 /home/aselsan/Desktop/IMX7/toolchain/gcc-arm-none-eabi-4_9-2015q3/bin/../lib/gcc/arm-none-eabi/4.9.3/../../../../arm-none-eabi/lib/armv7e-m/fpu/libc_nano.a(lib_a-findfp.o)
                0x1fffddf8                __sfp
 .text._fwalk_reent
                0x1fffde6c       0x3c /home/aselsan/Desktop/IMX7/toolchain/gcc-arm-none-eabi-4_9-2015q3/bin/../lib/gcc/arm-none-eabi/4.9.3/../../../../arm-none-eabi/lib/armv7e-m/fpu/libc_nano.a(lib_a-fwalk.o)
                0x1fffde6c                _fwalk_reent
 .text.__smakebuf_r
                0x1fffdea8       0x9c /home/aselsan/Desktop/IMX7/toolchain/gcc-arm-none-eabi-4_9-2015q3/bin/../lib/gcc/arm-none-eabi/4.9.3/../../../../arm-none-eabi/lib/armv7e-m/fpu/libc_nano.a(lib_a-makebuf.o)
                0x1fffdea8                __smakebuf_r
 .text.memchr   0x1fffdf44       0x1e /home/aselsan/Desktop/IMX7/toolchain/gcc-arm-none-eabi-4_9-2015q3/bin/../lib/gcc/arm-none-eabi/4.9.3/../../../../arm-none-eabi/lib/armv7e-m/fpu/libc_nano.a(lib_a-memchr.o)
                0x1fffdf44                memchr
 *fill*         0x1fffdf62        0x2 
 .text._free_r  0x1fffdf64       0x88 /home/aselsan/Desktop/IMX7/toolchain/gcc-arm-none-eabi-4_9-2015q3/bin/../lib/gcc/arm-none-eabi/4.9.3/../../../../arm-none-eabi/lib/armv7e-m/fpu/libc_nano.a(lib_a-nano-freer.o)
                0x1fffdf64                _free_r
 .text._malloc_r
                0x1fffdfec       0xac /home/aselsan/Desktop/IMX7/toolchain/gcc-arm-none-eabi-4_9-2015q3/bin/../lib/gcc/arm-none-eabi/4.9.3/../../../../arm-none-eabi/lib/armv7e-m/fpu/libc_nano.a(lib_a-nano-mallocr.o)
                0x1fffdfec                _malloc_r
 .text._sbrk_r  0x1fffe098       0x20 /home/aselsan/Desktop/IMX7/toolchain/gcc-arm-none-eabi-4_9-2015q3/bin/../lib/gcc/arm-none-eabi/4.9.3/../../../../arm-none-eabi/lib/armv7e-m/fpu/libc_nano.a(lib_a-sbrkr.o)
                0x1fffe098                _sbrk_r
 .text._raise_r
                0x1fffe0b8       0x50 /home/aselsan/Desktop/IMX7/toolchain/gcc-arm-none-eabi-4_9-2015q3/bin/../lib/gcc/arm-none-eabi/4.9.3/../../../../arm-none-eabi/lib/armv7e-m/fpu/libc_nano.a(lib_a-signal.o)
                0x1fffe0b8                _raise_r
 .text.raise    0x1fffe108       0x10 /home/aselsan/Desktop/IMX7/toolchain/gcc-arm-none-eabi-4_9-2015q3/bin/../lib/gcc/arm-none-eabi/4.9.3/../../../../arm-none-eabi/lib/armv7e-m/fpu/libc_nano.a(lib_a-signal.o)
                0x1fffe108                raise
 .text._kill_r  0x1fffe118       0x24 /home/aselsan/Desktop/IMX7/toolchain/gcc-arm-none-eabi-4_9-2015q3/bin/../lib/gcc/arm-none-eabi/4.9.3/../../../../arm-none-eabi/lib/armv7e-m/fpu/libc_nano.a(lib_a-signalr.o)
                0x1fffe118                _kill_r
 .text._getpid_r
                0x1fffe13c        0x4 /home/aselsan/Desktop/IMX7/toolchain/gcc-arm-none-eabi-4_9-2015q3/bin/../lib/gcc/arm-none-eabi/4.9.3/../../../../arm-none-eabi/lib/armv7e-m/fpu/libc_nano.a(lib_a-signalr.o)
                0x1fffe13c                _getpid_r
 .text.__sread  0x1fffe140       0x22 /home/aselsan/Desktop/IMX7/toolchain/gcc-arm-none-eabi-4_9-2015q3/bin/../lib/gcc/arm-none-eabi/4.9.3/../../../../arm-none-eabi/lib/armv7e-m/fpu/libc_nano.a(lib_a-stdio.o)
                0x1fffe140                __sread
 .text.__swrite
                0x1fffe162       0x38 /home/aselsan/Desktop/IMX7/toolchain/gcc-arm-none-eabi-4_9-2015q3/bin/../lib/gcc/arm-none-eabi/4.9.3/../../../../arm-none-eabi/lib/armv7e-m/fpu/libc_nano.a(lib_a-stdio.o)
                0x1fffe162                __swrite
 .text.__sseek  0x1fffe19a       0x24 /home/aselsan/Desktop/IMX7/toolchain/gcc-arm-none-eabi-4_9-2015q3/bin/../lib/gcc/arm-none-eabi/4.9.3/../../../../arm-none-eabi/lib/armv7e-m/fpu/libc_nano.a(lib_a-stdio.o)
                0x1fffe19a                __sseek
 .text.__sclose
                0x1fffe1be        0x8 /home/aselsan/Desktop/IMX7/toolchain/gcc-arm-none-eabi-4_9-2015q3/bin/../lib/gcc/arm-none-eabi/4.9.3/../../../../arm-none-eabi/lib/armv7e-m/fpu/libc_nano.a(lib_a-stdio.o)
                0x1fffe1be                __sclose
 *fill*         0x1fffe1c6        0x2 
 .text._write_r
                0x1fffe1c8       0x24 /home/aselsan/Desktop/IMX7/toolchain/gcc-arm-none-eabi-4_9-2015q3/bin/../lib/gcc/arm-none-eabi/4.9.3/../../../../arm-none-eabi/lib/armv7e-m/fpu/libc_nano.a(lib_a-writer.o)
                0x1fffe1c8                _write_r
 .text._close_r
                0x1fffe1ec       0x20 /home/aselsan/Desktop/IMX7/toolchain/gcc-arm-none-eabi-4_9-2015q3/bin/../lib/gcc/arm-none-eabi/4.9.3/../../../../arm-none-eabi/lib/armv7e-m/fpu/libc_nano.a(lib_a-closer.o)
                0x1fffe1ec                _close_r
 .text._fstat_r
                0x1fffe20c       0x24 /home/aselsan/Desktop/IMX7/toolchain/gcc-arm-none-eabi-4_9-2015q3/bin/../lib/gcc/arm-none-eabi/4.9.3/../../../../arm-none-eabi/lib/armv7e-m/fpu/libc_nano.a(lib_a-fstatr.o)
                0x1fffe20c                _fstat_r
 .text._isatty_r
                0x1fffe230       0x20 /home/aselsan/Desktop/IMX7/toolchain/gcc-arm-none-eabi-4_9-2015q3/bin/../lib/gcc/arm-none-eabi/4.9.3/../../../../arm-none-eabi/lib/armv7e-m/fpu/libc_nano.a(lib_a-isattyr.o)
                0x1fffe230                _isatty_r
 .text._lseek_r
                0x1fffe250       0x24 /home/aselsan/Desktop/IMX7/toolchain/gcc-arm-none-eabi-4_9-2015q3/bin/../lib/gcc/arm-none-eabi/4.9.3/../../../../arm-none-eabi/lib/armv7e-m/fpu/libc_nano.a(lib_a-lseekr.o)
                0x1fffe250                _lseek_r
 .text._read_r  0x1fffe274       0x24 /home/aselsan/Desktop/IMX7/toolchain/gcc-arm-none-eabi-4_9-2015q3/bin/../lib/gcc/arm-none-eabi/4.9.3/../../../../arm-none-eabi/lib/armv7e-m/fpu/libc_nano.a(lib_a-readr.o)
                0x1fffe274                _read_r
 .text._close   0x1fffe298       0x10 /home/aselsan/Desktop/IMX7/toolchain/gcc-arm-none-eabi-4_9-2015q3/bin/../lib/gcc/arm-none-eabi/4.9.3/../../../../arm-none-eabi/lib/armv7e-m/fpu/libnosys.a(close.o)
                0x1fffe298                _close
 .text._fstat   0x1fffe2a8       0x10 /home/aselsan/Desktop/IMX7/toolchain/gcc-arm-none-eabi-4_9-2015q3/bin/../lib/gcc/arm-none-eabi/4.9.3/../../../../arm-none-eabi/lib/armv7e-m/fpu/libnosys.a(fstat.o)
                0x1fffe2a8                _fstat
 .text._getpid  0x1fffe2b8       0x10 /home/aselsan/Desktop/IMX7/toolchain/gcc-arm-none-eabi-4_9-2015q3/bin/../lib/gcc/arm-none-eabi/4.9.3/../../../../arm-none-eabi/lib/armv7e-m/fpu/libnosys.a(getpid.o)
                0x1fffe2b8                _getpid
 .text._isatty  0x1fffe2c8       0x10 /home/aselsan/Desktop/IMX7/toolchain/gcc-arm-none-eabi-4_9-2015q3/bin/../lib/gcc/arm-none-eabi/4.9.3/../../../../arm-none-eabi/lib/armv7e-m/fpu/libnosys.a(isatty.o)
                0x1fffe2c8                _isatty
 .text._kill    0x1fffe2d8       0x10 /home/aselsan/Desktop/IMX7/toolchain/gcc-arm-none-eabi-4_9-2015q3/bin/../lib/gcc/arm-none-eabi/4.9.3/../../../../arm-none-eabi/lib/armv7e-m/fpu/libnosys.a(kill.o)
                0x1fffe2d8                _kill
 .text._lseek   0x1fffe2e8       0x10 /home/aselsan/Desktop/IMX7/toolchain/gcc-arm-none-eabi-4_9-2015q3/bin/../lib/gcc/arm-none-eabi/4.9.3/../../../../arm-none-eabi/lib/armv7e-m/fpu/libnosys.a(lseek.o)
                0x1fffe2e8                _lseek
 .text._sbrk    0x1fffe2f8       0x1c /home/aselsan/Desktop/IMX7/toolchain/gcc-arm-none-eabi-4_9-2015q3/bin/../lib/gcc/arm-none-eabi/4.9.3/../../../../arm-none-eabi/lib/armv7e-m/fpu/libnosys.a(sbrk.o)
                0x1fffe2f8                _sbrk
 .text._exit    0x1fffe314        0x4 /home/aselsan/Desktop/IMX7/toolchain/gcc-arm-none-eabi-4_9-2015q3/bin/../lib/gcc/arm-none-eabi/4.9.3/../../../../arm-none-eabi/lib/armv7e-m/fpu/libnosys.a(_exit.o)
                0x1fffe314                _exit
 *(.rodata)